Archive member included because of file (symbol)

/home/liqingqiao/esp/ESP8266_RTOS_SDK/examples/i2c_test/build/freertos/libfreertos.a(xtensa_vectors.o)
                              (call_user_start)
/home/liqingqiao/esp/ESP8266_RTOS_SDK/examples/i2c_test/build/freertos/libfreertos.a(panic.o)
                              /home/liqingqiao/esp/ESP8266_RTOS_SDK/examples/i2c_test/build/freertos/libfreertos.a(xtensa_vectors.o) (panicHandler)
/home/liqingqiao/esp/ESP8266_RTOS_SDK/examples/i2c_test/build/freertos/libfreertos.a(port.o)
                              /home/liqingqiao/esp/ESP8266_RTOS_SDK/examples/i2c_test/build/freertos/libfreertos.a(panic.o) (vPortEnterCritical)
/home/liqingqiao/esp/ESP8266_RTOS_SDK/examples/i2c_test/build/freertos/libfreertos.a(xtensa_context.o)
                              /home/liqingqiao/esp/ESP8266_RTOS_SDK/examples/i2c_test/build/freertos/libfreertos.a(xtensa_vectors.o) (_xt_context_save)
/home/liqingqiao/esp/ESP8266_RTOS_SDK/examples/i2c_test/build/freertos/libfreertos.a(os_cpu_a.o)
                              /home/liqingqiao/esp/ESP8266_RTOS_SDK/examples/i2c_test/build/freertos/libfreertos.a(xtensa_vectors.o) (_xt_int_enter)
/home/liqingqiao/esp/ESP8266_RTOS_SDK/examples/i2c_test/build/freertos/libfreertos.a(queue.o)
                              /home/liqingqiao/esp/ESP8266_RTOS_SDK/examples/i2c_test/build/freertos/libfreertos.a(port.o) (xQueueReceive)
/home/liqingqiao/esp/ESP8266_RTOS_SDK/examples/i2c_test/build/freertos/libfreertos.a(list.o)
                              /home/liqingqiao/esp/ESP8266_RTOS_SDK/examples/i2c_test/build/freertos/libfreertos.a(queue.o) (vListInitialise)
/home/liqingqiao/esp/ESP8266_RTOS_SDK/examples/i2c_test/build/freertos/libfreertos.a(tasks.o)
                              /home/liqingqiao/esp/ESP8266_RTOS_SDK/examples/i2c_test/build/freertos/libfreertos.a(os_cpu_a.o) (pxCurrentTCB)
/home/liqingqiao/esp/ESP8266_RTOS_SDK/examples/i2c_test/build/freertos/libfreertos.a(timers.o)
                              /home/liqingqiao/esp/ESP8266_RTOS_SDK/examples/i2c_test/build/freertos/libfreertos.a(tasks.o) (xTimerCreateTimerTask)
/home/liqingqiao/esp/ESP8266_RTOS_SDK/examples/i2c_test/build/freertos/libfreertos.a(heap_5.o)
                              /home/liqingqiao/esp/ESP8266_RTOS_SDK/examples/i2c_test/build/freertos/libfreertos.a(queue.o) (vPortFree)
/home/liqingqiao/esp/ESP8266_RTOS_SDK/examples/i2c_test/build/freertos/libfreertos.a(impure.o)
                              /home/liqingqiao/esp/ESP8266_RTOS_SDK/examples/i2c_test/build/freertos/libfreertos.a(tasks.o) (_global_impure_ptr)
/home/liqingqiao/esp/ESP8266_RTOS_SDK/components/newlib/newlib/lib/libc_nano.a(lib_a-printf.o)
                              /home/liqingqiao/esp/ESP8266_RTOS_SDK/examples/i2c_test/build/freertos/libfreertos.a(port.o) (printf)
/home/liqingqiao/esp/ESP8266_RTOS_SDK/components/newlib/newlib/lib/libc_nano.a(lib_a-puts.o)
                              /home/liqingqiao/esp/ESP8266_RTOS_SDK/examples/i2c_test/build/freertos/libfreertos.a(heap_5.o) (puts)
/home/liqingqiao/esp/ESP8266_RTOS_SDK/components/newlib/newlib/lib/libc_nano.a(lib_a-reent.o)
                              /home/liqingqiao/esp/ESP8266_RTOS_SDK/examples/i2c_test/build/freertos/libfreertos.a(tasks.o) (_reclaim_reent)
/home/liqingqiao/esp/ESP8266_RTOS_SDK/components/newlib/newlib/lib/libc_nano.a(lib_a-findfp.o)
                              /home/liqingqiao/esp/ESP8266_RTOS_SDK/components/newlib/newlib/lib/libc_nano.a(lib_a-printf.o) (__sinit)
/home/liqingqiao/esp/ESP8266_RTOS_SDK/components/newlib/newlib/lib/libc_nano.a(lib_a-fvwrite.o)
                              /home/liqingqiao/esp/ESP8266_RTOS_SDK/components/newlib/newlib/lib/libc_nano.a(lib_a-puts.o) (__sfvwrite_r)
/home/liqingqiao/esp/ESP8266_RTOS_SDK/components/newlib/newlib/lib/libc_nano.a(lib_a-fwalk.o)
                              /home/liqingqiao/esp/ESP8266_RTOS_SDK/components/newlib/newlib/lib/libc_nano.a(lib_a-findfp.o) (_fwalk)
/home/liqingqiao/esp/ESP8266_RTOS_SDK/components/newlib/newlib/lib/libc_nano.a(lib_a-memchr.o)
                              /home/liqingqiao/esp/ESP8266_RTOS_SDK/components/newlib/newlib/lib/libc_nano.a(lib_a-fvwrite.o) (memchr)
/home/liqingqiao/esp/ESP8266_RTOS_SDK/components/newlib/newlib/lib/libc_nano.a(lib_a-nano-vfprintf.o)
                              /home/liqingqiao/esp/ESP8266_RTOS_SDK/components/newlib/newlib/lib/libc_nano.a(lib_a-printf.o) (_vfprintf_r)
/home/liqingqiao/esp/ESP8266_RTOS_SDK/components/newlib/newlib/lib/libc_nano.a(lib_a-stdio.o)
                              /home/liqingqiao/esp/ESP8266_RTOS_SDK/components/newlib/newlib/lib/libc_nano.a(lib_a-findfp.o) (__sread)
/home/liqingqiao/esp/ESP8266_RTOS_SDK/components/newlib/newlib/lib/libc_nano.a(lib_a-wbuf.o)
                              /home/liqingqiao/esp/ESP8266_RTOS_SDK/components/newlib/newlib/lib/libc_nano.a(lib_a-nano-vfprintf.o) (__swbuf_r)
[...]
Memory Configuration

Name             Origin             Length             Attributes
dport0_0_seg     0x000000003ff00000 0x0000000000000010
dram0_0_seg      0x000000003ffe8000 0x0000000000018000
iram1_0_seg      0x0000000040100000 0x0000000000008000
irom0_0_seg      0x0000000040201010 0x000000000006b000
*default*        0x0000000000000000 0xffffffffffffffff

Linker script and memory map

START GROUP
LOAD /home/liqingqiao/esp/ESP8266_RTOS_SDK/examples/i2c_test/build/cjson/libcjson.a
LOAD /home/liqingqiao/esp/ESP8266_RTOS_SDK/examples/i2c_test/build/esp8266/libesp8266.a
LOAD /home/liqingqiao/esp/ESP8266_RTOS_SDK/components/esp8266/lib/libairkiss.a
LOAD /home/liqingqiao/esp/ESP8266_RTOS_SDK/components/esp8266/lib/libcrypto.a
LOAD /home/liqingqiao/esp/ESP8266_RTOS_SDK/components/esp8266/lib/libespnow.a
LOAD /home/liqingqiao/esp/ESP8266_RTOS_SDK/components/esp8266/lib/libgcc.a
LOAD /home/liqingqiao/esp/ESP8266_RTOS_SDK/components/esp8266/lib/libhal.a
LOAD /home/liqingqiao/esp/ESP8266_RTOS_SDK/components/esp8266/lib/libcore.a
LOAD /home/liqingqiao/esp/ESP8266_RTOS_SDK/components/esp8266/lib/libnet80211.a
LOAD /home/liqingqiao/esp/ESP8266_RTOS_SDK/components/esp8266/lib/libphy.a
LOAD /home/liqingqiao/esp/ESP8266_RTOS_SDK/components/esp8266/lib/libpp.a
LOAD /home/liqingqiao/esp/ESP8266_RTOS_SDK/components/esp8266/lib/libpwm.a
LOAD /home/liqingqiao/esp/ESP8266_RTOS_SDK/components/esp8266/lib/libsmartconfig.a
LOAD /home/liqingqiao/esp/ESP8266_RTOS_SDK/components/esp8266/lib/libssc.a
LOAD /home/liqingqiao/esp/ESP8266_RTOS_SDK/components/esp8266/lib/libwpa.a
LOAD /home/liqingqiao/esp/ESP8266_RTOS_SDK/components/esp8266/lib/libwps.a
LOAD /home/liqingqiao/esp/ESP8266_RTOS_SDK/examples/i2c_test/build/freertos/libfreertos.a
LOAD /home/liqingqiao/esp/ESP8266_RTOS_SDK/examples/i2c_test/build/lwip/liblwip.a
LOAD /home/liqingqiao/esp/ESP8266_RTOS_SDK/examples/i2c_test/build/main/libmain.a
LOAD /home/liqingqiao/esp/ESP8266_RTOS_SDK/examples/i2c_test/build/mqtt/libmqtt.a
LOAD /home/liqingqiao/esp/ESP8266_RTOS_SDK/components/newlib/newlib/lib/libc_nano.a
LOAD /home/liqingqiao/esp/ESP8266_RTOS_SDK/components/newlib/newlib/lib/libm.a
LOAD /home/liqingqiao/esp/ESP8266_RTOS_SDK/examples/i2c_test/build/newlib/libnewlib.a
LOAD /home/liqingqiao/esp/ESP8266_RTOS_SDK/examples/i2c_test/build/spiffs/libspiffs.a
LOAD /home/liqingqiao/esp/ESP8266_RTOS_SDK/examples/i2c_test/build/ssl/libssl.a
LOAD /home/liqingqiao/esp/ESP8266_RTOS_SDK/examples/i2c_test/build/tcpip_adapter/libtcpip_adapter.a
LOAD /home/liqingqiao/esp/ESP8266_RTOS_SDK/components/esp8266/lib/libgcc.a
LOAD /opt/xtensa-lx106-elf/bin/../lib/gcc/xtensa-lx106-elf/4.8.2/../../../../xtensa-lx106-elf/lib/libstdc++.a
LOAD /opt/xtensa-lx106-elf/bin/../lib/gcc/xtensa-lx106-elf/4.8.2/libgcov.a
END GROUP
                0x0000000040000000                PROVIDE (_memmap_vecbase_reset, 0x40000000)
                0x0000000000000110                _memmap_cacheattr_wb_base = 0x110
                0x0000000000000110                _memmap_cacheattr_wt_base = 0x110
                0x0000000000000220                _memmap_cacheattr_bp_base = 0x220
                0x00000000fffff00f                _memmap_cacheattr_unused_mask = 0xfffff00f
                0x000000002222211f                _memmap_cacheattr_wb_trapnull = 0x2222211f
                0x000000002222211f                _memmap_cacheattr_wba_trapnull = 0x2222211f
                0x000000002222211f                _memmap_cacheattr_wbna_trapnull = 0x2222211f
                0x000000002222211f                _memmap_cacheattr_wt_trapnull = 0x2222211f
                0x000000002222222f                _memmap_cacheattr_bp_trapnull = 0x2222222f
                0x00000000fffff11f                _memmap_cacheattr_wb_strict = 0xfffff11f
                0x00000000fffff11f                _memmap_cacheattr_wt_strict = 0xfffff11f
                0x00000000fffff22f                _memmap_cacheattr_bp_strict = 0xfffff22f
                0x0000000022222112                _memmap_cacheattr_wb_allvalid = 0x22222112
                0x0000000022222112                _memmap_cacheattr_wt_allvalid = 0x22222112
                0x0000000022222222                _memmap_cacheattr_bp_allvalid = 0x22222222
                0x000000002222211f                PROVIDE (_memmap_cacheattr_reset, _memmap_cacheattr_wb_trapnull)

.dport0.rodata  0x000000003ff00000        0x0
                0x000000003ff00000                _dport0_rodata_start = ABSOLUTE (.)
 *(.dport0.rodata)
 *(.dport.rodata)
                0x000000003ff00000                _dport0_rodata_end = ABSOLUTE (.)

.dport0.literal
                0x000000003ff00000        0x0
                0x000000003ff00000                _dport0_literal_start = ABSOLUTE (.)
 *(.dport0.literal)
 *(.dport.literal)
                0x000000003ff00000                _dport0_literal_end = ABSOLUTE (.)

.dport0.data    0x000000003ff00000        0x0
                0x000000003ff00000                _dport0_data_start = ABSOLUTE (.)
 *(.dport0.data)
 *(.dport.data)
                0x000000003ff00000                _dport0_data_end = ABSOLUTE (.)

.text           0x0000000040100000     0x6ce0
                0x0000000040100000                _stext = .
                0x0000000040100000                _text_start = ABSOLUTE (.)
 *(.UserEnter.text)
 .UserEnter.text
                0x0000000040100000        0xd /home/liqingqiao/esp/ESP8266_RTOS_SDK/examples/i2c_test/build/freertos/libfreertos.a(xtensa_vectors.o)
                0x0000000040100004                call_user_start
                0x0000000040100010                . = ALIGN (0x10)
 *fill*         0x000000004010000d        0x3 
 *(.DebugExceptionVector.text)
 .DebugExceptionVector.text
                0x0000000040100010        0x9 /home/liqingqiao/esp/ESP8266_RTOS_SDK/examples/i2c_test/build/freertos/libfreertos.a(xtensa_vectors.o)
                0x0000000040100010                _DebugExceptionVector
                0x0000000040100020                . = ALIGN (0x10)
 *fill*         0x0000000040100019        0x7 
 *(.NMIExceptionVector.text)
 .NMIExceptionVector.text
                0x0000000040100020        0x9 /home/liqingqiao/esp/ESP8266_RTOS_SDK/examples/i2c_test/build/freertos/libfreertos.a(xtensa_vectors.o)
                0x0000000040100020                _NMIExceptionVector
                0x0000000040100030                . = ALIGN (0x10)
 *fill*         0x0000000040100029        0x7 
 *(.KernelExceptionVector.text)
 .KernelExceptionVector.text
                0x0000000040100030        0x6 /home/liqingqiao/esp/ESP8266_RTOS_SDK/examples/i2c_test/build/freertos/libfreertos.a(xtensa_vectors.o)
                0x0000000040100030                _KernelExceptionVector
                0x0000000040100036        0x4 LONG 0x0
                0x000000004010003a        0x4 LONG 0x0
                0x000000004010003e        0x4 LONG 0x0
                0x0000000040100042        0x4 LONG 0x0
                0x0000000040100050                . = ALIGN (0x10)
 *fill*         0x0000000040100046        0xa 
 *(.UserExceptionVector.text)
 .UserExceptionVector.text
                0x0000000040100050        0x9 /home/liqingqiao/esp/ESP8266_RTOS_SDK/examples/i2c_test/build/freertos/libfreertos.a(xtensa_vectors.o)
                0x0000000040100050                _UserExceptionVector
                0x0000000040100059        0x4 LONG 0x0
                0x000000004010005d        0x4 LONG 0x0
                0x0000000040100061        0x4 LONG 0x0
                0x0000000040100065        0x4 LONG 0x0
                0x0000000040100070                . = ALIGN (0x10)
 *fill*         0x0000000040100069        0x7 
 *(.DoubleExceptionVector.text)
 .DoubleExceptionVector.text
                0x0000000040100070        0xf /home/liqingqiao/esp/ESP8266_RTOS_SDK/examples/i2c_test/build/freertos/libfreertos.a(xtensa_vectors.o)
                0x0000000040100070                _DoubleExceptionVector
                0x000000004010007f        0x4 LONG 0x0
                0x0000000040100083        0x4 LONG 0x0
                0x0000000040100087        0x4 LONG 0x0
                0x000000004010008b        0x4 LONG 0x0
                0x0000000040100090                . = ALIGN (0x10)
 *fill*         0x000000004010008f        0x1 
 *(.entry.text)
 *(.init.literal)
 *(.init)
 *libcore.a:spi_flash.o(.literal .text .literal.* .text.*)
 .text.SPIWrite
                0x0000000040100090       0xc8 /home/liqingqiao/esp/ESP8266_RTOS_SDK/components/esp8266/lib/libcore.a(spi_flash.o)
                                         0xd0 (size before relaxing)
                0x00000000401000a0                SPIWrite
 .text.SPIRead  0x0000000040100158       0x2c /home/liqingqiao/esp/ESP8266_RTOS_SDK/components/esp8266/lib/libcore.a(spi_flash.o)
                                         0x30 (size before relaxing)
                0x000000004010015c                SPIRead
 .text.SPIEraseSector
                0x0000000040100184       0x5c /home/liqingqiao/esp/ESP8266_RTOS_SDK/components/esp8266/lib/libcore.a(spi_flash.o)
                                         0x64 (size before relaxing)
                0x000000004010018c                SPIEraseSector
 .text.Cache_Read_Disable_2
                0x00000000401001e0       0x45 /home/liqingqiao/esp/ESP8266_RTOS_SDK/components/esp8266/lib/libcore.a(spi_flash.o)
                0x00000000401001f0                Cache_Read_Disable_2
 *fill*         0x0000000040100225        0x3 
 .text.Cache_Read_Enable_2
                0x0000000040100228       0x2c /home/liqingqiao/esp/ESP8266_RTOS_SDK/components/esp8266/lib/libcore.a(spi_flash.o)
                                         0x34 (size before relaxing)
                0x000000004010022c                Cache_Read_Enable_2
 .text.spi_flash_get_id
                0x0000000040100254       0x99 /home/liqingqiao/esp/ESP8266_RTOS_SDK/components/esp8266/lib/libcore.a(spi_flash.o)
                                         0xa5 (size before relaxing)
                0x0000000040100274                spi_flash_get_id
 *fill*         0x00000000401002ed        0x3 
 .text.spi_flash_read_status
                0x00000000401002f0       0x55 /home/liqingqiao/esp/ESP8266_RTOS_SDK/components/esp8266/lib/libcore.a(spi_flash.o)
                                         0x71 (size before relaxing)
                0x00000000401002f4                spi_flash_read_status
 *fill*         0x0000000040100345        0x3 
 .text.spi_flash_write_status
                0x0000000040100348       0x81 /home/liqingqiao/esp/ESP8266_RTOS_SDK/components/esp8266/lib/libcore.a(spi_flash.o)
                                         0xa5 (size before relaxing)
                0x000000004010034c                spi_flash_write_status
 *fill*         0x00000000401003c9        0x3 
 .text.spi_flash_enable_qmode
                0x00000000401003cc       0x37 /home/liqingqiao/esp/ESP8266_RTOS_SDK/components/esp8266/lib/libcore.a(spi_flash.o)
                                         0x4f (size before relaxing)
                0x00000000401003d0                spi_flash_enable_qmode
 *fill*         0x0000000040100403        0x1 
 .text.spi_flash_read
                0x0000000040100404       0x79 /home/liqingqiao/esp/ESP8266_RTOS_SDK/components/esp8266/lib/libcore.a(spi_flash.o)
                                         0x99 (size before relaxing)
                0x0000000040100408                spi_flash_read
 *fill*         0x000000004010047d        0x3 
 .text.spi_user_cmd
                0x0000000040100480      0x467 /home/liqingqiao/esp/ESP8266_RTOS_SDK/components/esp8266/lib/libcore.a(spi_flash.o)
                                        0x49b (size before relaxing)
                0x00000000401004e8                spi_user_cmd
 *fill*         0x00000000401008e7        0x1 
 .text.special_flash_read_status
                0x00000000401008e8       0x37 /home/liqingqiao/esp/ESP8266_RTOS_SDK/components/esp8266/lib/libcore.a(spi_flash.o)
                                         0x3b (size before relaxing)
                0x00000000401008e8                special_flash_read_status
 *fill*         0x000000004010091f        0x1 
 .text.special_flash_write_status
                0x0000000040100920       0x4e /home/liqingqiao/esp/ESP8266_RTOS_SDK/components/esp8266/lib/libcore.a(spi_flash.o)
                                         0x55 (size before relaxing)
                0x0000000040100920                special_flash_write_status
 *fill*         0x000000004010096e        0x2 
 .text.flash_gd25q32c_write_status
                0x0000000040100970       0x31 /home/liqingqiao/esp/ESP8266_RTOS_SDK/components/esp8266/lib/libcore.a(spi_flash.o)
                                         0x35 (size before relaxing)
                0x0000000040100970                flash_gd25q32c_write_status
 *fill*         0x00000000401009a1        0x3 
 .text.flash_gd25q32c_enable_QIO_mode
                0x00000000401009a4       0x5b /home/liqingqiao/esp/ESP8266_RTOS_SDK/components/esp8266/lib/libcore.a(spi_flash.o)
                                         0x6f (size before relaxing)
                0x00000000401009b0                flash_gd25q32c_enable_QIO_mode
 *fill*         0x00000000401009ff        0x1 
 .text.spi_flash_issi_enable_QIO_mode
                0x0000000040100a00       0x54 /home/liqingqiao/esp/ESP8266_RTOS_SDK/components/esp8266/lib/libcore.a(spi_flash.o)
                                         0x74 (size before relaxing)
                0x0000000040100a00                spi_flash_issi_enable_QIO_mode
 .text.special_flash_set_mode
                0x0000000040100a54       0x3b /home/liqingqiao/esp/ESP8266_RTOS_SDK/components/esp8266/lib/libcore.a(spi_flash.o)
                                         0x3f (size before relaxing)
                0x0000000040100a54                special_flash_set_mode
 *fill*         0x0000000040100a8f        0x1 
 .text.en25q16x_write_volatile_status
                0x0000000040100a90       0x4f /home/liqingqiao/esp/ESP8266_RTOS_SDK/components/esp8266/lib/libcore.a(spi_flash.o)
                                         0x6f (size before relaxing)
                0x0000000040100a90                en25q16x_write_volatile_status
 *fill*         0x0000000040100adf        0x1 
 .text.en25q16x_read_sfdp
                0x0000000040100ae0       0x47 /home/liqingqiao/esp/ESP8266_RTOS_SDK/components/esp8266/lib/libcore.a(spi_flash.o)
                                         0x4b (size before relaxing)
                0x0000000040100ae4                en25q16x_read_sfdp
 *fill*         0x0000000040100b27        0x1 
 .text.spi_flash_check_wr_protect
                0x0000000040100b28       0xff /home/liqingqiao/esp/ESP8266_RTOS_SDK/components/esp8266/lib/libcore.a(spi_flash.o)
                                        0x133 (size before relaxing)
 *fill*         0x0000000040100c27        0x1 
 .text.spi_flash_erase_sector
                0x0000000040100c28       0x8d /home/liqingqiao/esp/ESP8266_RTOS_SDK/components/esp8266/lib/libcore.a(spi_flash.o)
                                         0xad (size before relaxing)
                0x0000000040100c38                spi_flash_erase_sector
 *fill*         0x0000000040100cb5        0x3 
 .text.spi_flash_write
                0x0000000040100cb8       0x85 /home/liqingqiao/esp/ESP8266_RTOS_SDK/components/esp8266/lib/libcore.a(spi_flash.o)
                                         0xb1 (size before relaxing)
                0x0000000040100cb8                spi_flash_write
 *fill*         0x0000000040100d3d        0x3 
 .text.user_spi_flash_dio_to_qio_pre_init
                0x0000000040100d40       0xcb /home/liqingqiao/esp/ESP8266_RTOS_SDK/components/esp8266/lib/libcore.a(spi_flash.o)
                                        0x107 (size before relaxing)
                0x0000000040100d50                user_spi_flash_dio_to_qio_pre_init
 *fill*         0x0000000040100e0b        0x0 
 *fill*         0x0000000040100e0b        0x0 
 *fill*         0x0000000040100e0b        0x0 
 *fill*         0x0000000040100e0b        0x0 
 *fill*         0x0000000040100e0b        0x0 
 *fill*         0x0000000040100e0b        0x0 
 *fill*         0x0000000040100e0b        0x0 
 *fill*         0x0000000040100e0b        0x0 
 *fill*         0x0000000040100e0b        0x0 
 *fill*         0x0000000040100e0b        0x0 
 *fill*         0x0000000040100e0b        0x0 
 *fill*         0x0000000040100e0b        0x0 
 *fill*         0x0000000040100e0b        0x0 
 *fill*         0x0000000040100e0b        0x0 
 *fill*         0x0000000040100e0b        0x0 
 *fill*         0x0000000040100e0b        0x0 
 *fill*         0x0000000040100e0b        0x0 
 *(.literal .text .stub .gnu.warning .gnu.linkonce.literal.* .gnu.linkonce.t.*.literal .gnu.linkonce.t.*)
 *fill*         0x0000000040100e0b        0x1 
 .literal       0x0000000040100e0c       0x4c /home/liqingqiao/esp/ESP8266_RTOS_SDK/examples/i2c_test/build/freertos/libfreertos.a(xtensa_vectors.o)
                                         0x64 (size before relaxing)
 .literal       0x0000000040100e58       0x28 /home/liqingqiao/esp/ESP8266_RTOS_SDK/examples/i2c_test/build/freertos/libfreertos.a(panic.o)
                                         0x30 (size before relaxing)
 .literal       0x0000000040100e80       0x30 /home/liqingqiao/esp/ESP8266_RTOS_SDK/examples/i2c_test/build/freertos/libfreertos.a(port.o)
                                         0xa4 (size before relaxing)
 .literal       0x0000000040100eb0        0xc /home/liqingqiao/esp/ESP8266_RTOS_SDK/examples/i2c_test/build/freertos/libfreertos.a(os_cpu_a.o)
                                         0x28 (size before relaxing)
 .literal       0x0000000040100ebc       0x1c /home/liqingqiao/esp/ESP8266_RTOS_SDK/examples/i2c_test/build/freertos/libfreertos.a(tasks.o)
                                         0x20 (size before relaxing)
 .literal       0x0000000040100ed8        0x8 /home/liqingqiao/esp/ESP8266_RTOS_SDK/components/esp8266/lib/libgcc.a(_mulsf3.o)
                                         0x10 (size before relaxing)
 .literal       0x0000000040100ee0        0x0 /home/liqingqiao/esp/ESP8266_RTOS_SDK/components/esp8266/lib/libgcc.a(_divsf3.o)
                                         0x10 (size before relaxing)
 .literal       0x0000000040100ee0        0x0 /home/liqingqiao/esp/ESP8266_RTOS_SDK/components/esp8266/lib/libgcc.a(_fixsfsi.o)
                                          0x4 (size before relaxing)
 .text          0x0000000040100ee0      0x468 /home/liqingqiao/esp/ESP8266_RTOS_SDK/examples/i2c_test/build/freertos/libfreertos.a(xtensa_vectors.o)
                0x00000000401011d4                _xt_user_exit
                0x0000000040101310                _xt_ext_panic
 .text          0x0000000040101348      0x14a /home/liqingqiao/esp/ESP8266_RTOS_SDK/examples/i2c_test/build/freertos/libfreertos.a(panic.o)
                                        0x14e (size before relaxing)
                0x00000000401013f8                panicHandler
 *fill*         0x0000000040101492        0x2 
 .text          0x0000000040101494      0x2bb /home/liqingqiao/esp/ESP8266_RTOS_SDK/examples/i2c_test/build/freertos/libfreertos.a(port.o)
                                        0x2c3 (size before relaxing)
                0x0000000040101494                SoftIsrHdl
                0x0000000040101504                xPortSysTickHandle
                0x000000004010151c                vPortEnterCritical
                0x0000000040101548                vPortExitCritical
                0x00000000401015a8                PendSV
                0x00000000401015e8                HDL_MAC_SIG_IN_LV1_ISR
                0x00000000401015fc                vPortETSIntrLock
                0x0000000040101638                vPortETSIntrUnlock
                0x000000004010165c                PortDisableInt_NoNest
                0x0000000040101680                PortEnableInt_NoNest
                0x00000000401016a4                _xt_isr_handler
                0x0000000040101730                __taskEXIT_CRITICAL
                0x0000000040101740                __taskENTER_CRITICAL
 *fill*         0x000000004010174f        0x1 
 .text          0x0000000040101750      0x173 /home/liqingqiao/esp/ESP8266_RTOS_SDK/examples/i2c_test/build/freertos/libfreertos.a(os_cpu_a.o)
                                        0x17b (size before relaxing)
                0x0000000040101750                vPortYield
                0x0000000040101780                _xt_int_enter
                0x0000000040101798                _xt_int_exit
                0x00000000401017c0                _xt_timer_int
                0x00000000401017f4                _xt_timer_int1
                0x000000004010180c                _xt_tick_timer_init
                0x0000000040101830                _xt_update_xt_ccompare
                0x000000004010184c                _xt_set_xt_ccompare_val
                0x0000000040101864                _xt_isr_unmask
                0x0000000040101884                _xt_isr_mask
                0x00000000401018a4                _xt_read_ints
                0x00000000401018b4                _xt_clear_ints
 *fill*         0x00000000401018c3        0x1 
 .text          0x00000000401018c4       0xc2 /home/liqingqiao/esp/ESP8266_RTOS_SDK/examples/i2c_test/build/freertos/libfreertos.a(tasks.o)
                0x00000000401018c4                vTaskSwitchContext
 *fill*         0x0000000040101986        0x2 
 .text          0x0000000040101988       0x63 /home/liqingqiao/esp/ESP8266_RTOS_SDK/components/esp8266/lib/libcore.a(routines.o)
                                         0x6b (size before relaxing)
                0x000000004010198c                _Znwj
                0x00000000401019a0                _Znaj
                0x00000000401019b8                _ZdlPv
                0x00000000401019cc                _ZdaPv
                0x00000000401019e0                abort
                0x00000000401019e4                __cxa_pure_virtual
                0x00000000401019e8                __cxa_deleted_virtual
 *fill*         0x00000000401019eb        0x1 
 .text          0x00000000401019ec      0x394 /home/liqingqiao/esp/ESP8266_RTOS_SDK/components/esp8266/lib/libcore.a(app_main.o)
                                        0x3fc (size before relaxing)
                0x00000000401019f4                Cache_Read_Enable_New
                0x0000000040101ae8                user_fatal_exception_handler
                0x0000000040101ba4                do_global_ctors
                0x0000000040101c14                user_start
 .text          0x0000000040101d80      0x321 /home/liqingqiao/esp/ESP8266_RTOS_SDK/components/esp8266/lib/libcore.a(user_interface.o)
                                        0x381 (size before relaxing)
                0x0000000040101d84                wifi_set_user_rate_limit
                0x0000000040101de8                system_rtc_mem_write
                0x0000000040101e68                system_deep_sleep_local2
                0x0000000040101edc                system_rtc_mem_read
                0x0000000040101f88                system_restart_in_nmi
 *fill*         0x00000000401020a1        0x3 
 .text          0x00000000401020a4       0x68 /home/liqingqiao/esp/ESP8266_RTOS_SDK/components/esp8266/lib/libnet80211.a(ieee80211_hostap.o)
 .text          0x000000004010210c       0xe7 /home/liqingqiao/esp/ESP8266_RTOS_SDK/components/esp8266/lib/libnet80211.a(ieee80211_regdomain.o)
                                         0xeb (size before relaxing)
                0x0000000040102114                ieee80211_regdomain_get_country
                0x0000000040102140                ieee80211_regdomain_max_chan
                0x000000004010215c                ieee80211_regdomain_min_chan
                0x0000000040102170                ieee80211_regdomain_chan_in_range
                0x00000000401021a4                ieee80211_regdomain_is_active_scan
 *fill*         0x00000000401021f3        0x1 
 .text          0x00000000401021f4       0x18 /home/liqingqiao/esp/ESP8266_RTOS_SDK/components/esp8266/lib/libnet80211.a(ieee80211_scan.o)
                                         0x1c (size before relaxing)
                0x00000000401021f8                scan_set_act_duration
                0x0000000040102204                scan_set_pas_duration
 .text          0x000000004010220c        0xc /home/liqingqiao/esp/ESP8266_RTOS_SDK/components/esp8266/lib/libnet80211.a(wl_chm.o)
                0x0000000040102210                chm_get_current_channel
 .text          0x0000000040102218       0x53 /home/liqingqiao/esp/ESP8266_RTOS_SDK/components/esp8266/lib/libphy.a(phy.o)
                                         0x5f (size before relaxing)
                0x0000000040102220                register_phy_ops
                0x0000000040102240                register_get_phy_addr
                0x0000000040102248                phy_change_channel
                0x0000000040102260                phy_get_mactime
 *fill*         0x000000004010226b        0x1 
 .text          0x000000004010226c      0x262 /home/liqingqiao/esp/ESP8266_RTOS_SDK/components/esp8266/lib/libphy.a(phy_chip_v6_ana.o)
                                        0x276 (size before relaxing)
                0x000000004010228c                phy_adc_read_fast
 *fill*         0x00000000401024ce        0x2 
 .text          0x00000000401024d0      0x26f /home/liqingqiao/esp/ESP8266_RTOS_SDK/components/esp8266/lib/libphy.a(phy_chip_v6_cal.o)
                                        0x27f (size before relaxing)
                0x00000000401024dc                tx_pwr_backoff_old
                0x000000004010262c                unsign_to_sign
                0x0000000040102668                phy_get_bb_freqoffset
                0x00000000401026e0                phy_get_bb_evm
 *fill*         0x000000004010273f        0x1 
 .text          0x0000000040102740      0x24f /home/liqingqiao/esp/ESP8266_RTOS_SDK/components/esp8266/lib/libphy.a(phy_sleep.o)
                                        0x287 (size before relaxing)
                0x0000000040102740                pm_rtc_clock_cali
                0x0000000040102814                pm_goto_sleep
                0x0000000040102964                clockgate_watchdog
 *fill*         0x000000004010298f        0x1 
 .text          0x0000000040102990       0x6f /home/liqingqiao/esp/ESP8266_RTOS_SDK/components/esp8266/lib/libpp.a(ap_socket.o)
                0x00000000401029e0                esp_upload_ap0_event
 *fill*         0x00000000401029ff        0x1 
 .text          0x0000000040102a00       0x77 /home/liqingqiao/esp/ESP8266_RTOS_SDK/components/esp8266/lib/libpp.a(esf_buf.o)
                                         0x97 (size before relaxing)
                0x0000000040102a08                esf_rx_buf_alloc
 *fill*         0x0000000040102a77        0x1 
 .text          0x0000000040102a78     0x1671 /home/liqingqiao/esp/ESP8266_RTOS_SDK/components/esp8266/lib/libpp.a(lmac.o)
                                       0x1951 (size before relaxing)
                0x0000000040102fbc                lmacIsActive
                0x0000000040102fd0                lmacIsIdle
                0x0000000040102fe8                lmacSetAcParam
                0x0000000040103080                GetAccess
                0x0000000040103090                lmacDiscardAgedMSDU
                0x0000000040103140                lmacRecycleMPDU
                0x0000000040103178                lmacProcessTxTimeout
                0x0000000040103308                lmacProcessAllTxTimeout
                0x000000004010331c                lmacMSDUAged
                0x0000000040103344                lmacProcessRtsStart
                0x000000004010335c                lmacTxFrame
                0x0000000040103960                lmacProcessTxSuccess
                0x0000000040103bac                lmacProcessCtsTimeout
                0x0000000040103bec                lmacProcessTxRtsError
                0x0000000040103db8                lmacProcessCollision
                0x0000000040103e30                lmacProcessCollisions
                0x0000000040103e94                lmacProcessTXStartData
                0x0000000040104010                lmacProcessAckTimeout
                0x000000004010405c                lmacProcessTxError
                0x00000000401040d0                lmacRxDone
 *fill*         0x00000000401040e9        0x3 
 .text          0x00000000401040ec      0xb50 /home/liqingqiao/esp/ESP8266_RTOS_SDK/components/esp8266/lib/libpp.a(pp.o)
                                        0xcf0 (size before relaxing)
                0x0000000040104374                ppFetchTxQFirstAvail
                0x00000000401043e0                ppDequeueTxQ
                0x0000000040104430                ppRollBackTxQ
                0x0000000040104474                ppRecordBarRRC
                0x0000000040104484                ppTxqUpdateBitmap
                0x00000000401044b8                ppEnqueueTxDone
                0x00000000401044fc                ppEnqueueRxq
                0x0000000040104544                MacIsrSigPostDefHdl
                0x00000000401045f0                pp_post
                0x00000000401048b0                ppProcessTxQ
                0x0000000040104adc                ppDiscardMPDU
                0x0000000040104b04                ppCalTxop
                0x0000000040104bcc                ppCalFrameTimes
 .text          0x0000000040104c3c       0xfd /home/liqingqiao/esp/ESP8266_RTOS_SDK/components/esp8266/lib/libpp.a(rate_control.o)
                                        0x115 (size before relaxing)
                0x0000000040104c40                RC_GetAckRate
                0x0000000040104c50                RC_GetRtsRate
                0x0000000040104c64                RC_GetAckTime
                0x0000000040104c7c                RC_GetCtsTime
                0x0000000040104cdc                RC_GetBlockAckTime
 *fill*         0x0000000040104d39        0x3 
 .text          0x0000000040104d3c       0x63 /home/liqingqiao/esp/ESP8266_RTOS_SDK/components/esp8266/lib/libpp.a(sta_socket.o)
                                         0x6f (size before relaxing)
                0x0000000040104d80                esp_upload_sta0_event
 *fill*         0x0000000040104d9f        0x1 
 .text          0x0000000040104da0      0x856 /home/liqingqiao/esp/ESP8266_RTOS_SDK/components/esp8266/lib/libpp.a(trc.o)
                                        0x89e (size before relaxing)
                0x00000000401050a8                rcUpdateTxDone
                0x0000000040105148                rcUpdateRxDone
                0x00000000401051a4                rcUpdateDataRxDone
                0x00000000401051d0                rcGetSched
                0x00000000401054c0                rcGetRate
                0x000000004010554c                rcReachRetryLimit
                0x0000000040105568                trc_NeedRTS
 *fill*         0x00000000401055f6        0x2 
 .text          0x00000000401055f8     0x1343 /home/liqingqiao/esp/ESP8266_RTOS_SDK/components/esp8266/lib/libpp.a(wdev.o)
                                       0x15ab (size before relaxing)
                0x00000000401056a0                wDev_MacTimSetFunc
                0x00000000401056d0                wDev_MacTimArm
                0x0000000040105780                wDev_MacTim1Arm
                0x0000000040105824                wDev_EnableTransmit
                0x0000000040105864                wDev_DisableTransmit
                0x0000000040105888                Tx_Copy2Queue
                0x00000000401058e4                wDev_ProcessCollision
                0x000000004010590c                wDev_GetTxqCollisions
                0x000000004010591c                wDev_ClearTxqCollisions
                0x000000004010593c                wDev_SetWaitingQueue
                0x0000000040105988                wDev_ClearWaitingQueue
                0x00000000401059b0                wDev_SetFrameAckType
                0x0000000040105a18                wDev_AppendRxBlocks
                0x0000000040105bc8                wDev_AppendRxAmpduLensBlocks
                0x0000000040105d8c                wDev_ProcessFiq
                0x000000004010688c                wDev_Get_KeyEntry
                0x000000004010690c                wDev_GetBAInfo
 *fill*         0x000000004010693b        0x1 
 .text          0x000000004010693c      0x15d /home/liqingqiao/esp/ESP8266_RTOS_SDK/components/esp8266/lib/libgcc.a(_mulsf3.o)
                0x00000000401069b4                __mulsf3
 *fill*         0x0000000040106a99        0x3 
 .text          0x0000000040106a9c      0x135 /home/liqingqiao/esp/ESP8266_RTOS_SDK/components/esp8266/lib/libgcc.a(_divsf3.o)
                0x0000000040106b18                __divsf3
 *fill*         0x0000000040106bd1        0x3 
 .text          0x0000000040106bd4       0x40 /home/liqingqiao/esp/ESP8266_RTOS_SDK/components/esp8266/lib/libgcc.a(_fixsfsi.o)
                0x0000000040106bd4                __fixsfsi
 *fill*         0x0000000040106c14        0x0 
 *fill*         0x0000000040106c14        0x0 
 *fill*         0x0000000040106c14        0x0 
 .text          0x0000000040106c14       0x3d /home/liqingqiao/esp/ESP8266_RTOS_SDK/examples/i2c_test/build/freertos/libfreertos.a(xtensa_context.o)
                0x0000000040106c14                _xt_context_save
                0x0000000040106c30                _xt_context_restore
 *fill*         0x0000000040106c51        0x0 
 *fill*         0x0000000040106c51        0x0 
 *fill*         0x0000000040106c51        0x3 
 .text          0x0000000040106c54        0x5 /home/liqingqiao/esp/ESP8266_RTOS_SDK/components/esp8266/lib/libhal.a(int_asm--set_intset.o)
                0x0000000040106c54                xthal_set_intset
 *fill*         0x0000000040106c59        0x0 
 *fill*         0x0000000040106c59        0x0 
 *fill*         0x0000000040106c59        0x0 
 *fill*         0x0000000040106c59        0x0 
 *fill*         0x0000000040106c59        0x0 
 *fill*         0x0000000040106c59        0x0 
 *fill*         0x0000000040106c59        0x0 
 *fill*         0x0000000040106c59        0x0 
 *fill*         0x0000000040106c59        0x0 
 *fill*         0x0000000040106c59        0x0 
 *fill*         0x0000000040106c59        0x0 
 *fill*         0x0000000040106c59        0x0 
 *fill*         0x0000000040106c59        0x0 
 *fill*         0x0000000040106c59        0x0 
 *fill*         0x0000000040106c59        0x3 
 .text          0x0000000040106c5c       0x49 /home/liqingqiao/esp/ESP8266_RTOS_SDK/components/esp8266/lib/libgcc.a(_modsi3.o)
                0x0000000040106c5c                __modsi3
 *fill*         0x0000000040106ca5        0x3 
 .text          0x0000000040106ca8       0x18 /home/liqingqiao/esp/ESP8266_RTOS_SDK/components/esp8266/lib/libgcc.a(_ashrdi3.o)
                0x0000000040106ca8                __ashrdi3
 *fill*         0x0000000040106cc0        0x0 
 *fill*         0x0000000040106cc0        0x0 
 .text          0x0000000040106cc0       0x20 /home/liqingqiao/esp/ESP8266_RTOS_SDK/components/esp8266/lib/libhal.a(clock.o)
                0x0000000040106cc0                xthal_get_ccount
                0x0000000040106cc8                xthal_set_ccompare
                0x0000000040106cd4                xthal_get_ccompare
 *(.fini.literal)
 *(.fini)
 *(.gnu.version)
                0x0000000040106ce0                _text_end = ABSOLUTE (.)
                0x0000000040106ce0                _etext = .

.irom0.text     0x0000000040201010    0x3e198
                0x0000000040201010                _irom0_text_start = ABSOLUTE (.)
 *libuser.a:(.rodata.* .rodata)
 *libcirom.a:(.rodata.* .rodata)
 *libmbedtls.a:(.rodata.* .rodata)
 *libssl.a:(.rodata.* .rodata)
 *libopenssl.a:(.rodata.* .rodata)
 *libplatforms.a:(.rodata.* .rodata)
 *(.irom0.literal .irom.literal .irom.text.literal .irom0.text .irom.text)
 .irom0.text    0x0000000040201010      0x118 /home/liqingqiao/esp/ESP8266_RTOS_SDK/components/esp8266/lib/libcore.a(misc.o)
                                        0x128 (size before relaxing)
                0x0000000040201018                os_delay_us
                0x0000000040201018                ets_delay_us
                0x000000004020104c                os_update_cpu_frequency
                0x000000004020104c                ets_update_cpu_frequency
                0x0000000040201054                os_get_cpu_frequency
                0x0000000040201060                os_install_putc1
                0x0000000040201068                os_putc
                0x0000000040201090                gpio_output_set
                0x00000000402010c4                rtc_get_reset_reason
                0x0000000040201110                bit_popcount
 .irom0.text    0x0000000040201128      0xcdf /home/liqingqiao/esp/ESP8266_RTOS_SDK/components/esp8266/lib/libcore.a(app_main.o)
                                        0xf2b (size before relaxing)
                0x0000000040201144                esp_crc8
                0x0000000040201480                user_uart_wait_tx_fifo_empty
                0x0000000040201644                uart_rx_one_char
                0x0000000040201668                wdt_init
                0x00000000402016f4                user_init_task
                0x0000000040201754                wifi_set_backup_mac
                0x0000000040201758                user_rf_pre_init
                0x000000004020175c                system_phy_freq_trace_enable
                0x0000000040201774                flash_data_check
 *fill*         0x0000000040201e07        0x1 
 .irom0.text    0x0000000040201e08      0x521 /home/liqingqiao/esp/ESP8266_RTOS_SDK/components/esp8266/lib/libcore.a(ets_timer.o)
                                        0x595 (size before relaxing)
                0x0000000040201fb8                ets_timer_setfn
                0x0000000040201fb8                os_timer_setfn
                0x0000000040201ff8                os_timer_disarm
                0x0000000040201ff8                ets_timer_disarm
                0x000000004020207c                ets_timer_arm_ms_us
                0x0000000040202148                ets_timer_arm_us
                0x0000000040202148                os_timer_arm_us
                0x000000004020215c                ets_timer_arm
                0x000000004020215c                os_timer_arm
                0x0000000040202170                ets_timer_done
                0x00000000402021a4                ets_timer_handler_isr
                0x0000000040202298                ets_timer_init
 *fill*         0x0000000040202329        0x3 
 .irom0.text    0x000000004020232c       0x56 /home/liqingqiao/esp/ESP8266_RTOS_SDK/components/esp8266/lib/libcore.a(uart.o)
                0x000000004020232c                uart_buff_switch
                0x0000000040202340                uart_div_modify
                0x0000000040202380                Uart_Init
 *fill*         0x0000000040202382        0x2 
 .irom0.text    0x0000000040202384     0x3c95 /home/liqingqiao/esp/ESP8266_RTOS_SDK/components/esp8266/lib/libcore.a(user_interface.o)
                                       0x46c5 (size before relaxing)
                0x000000004020251c                system_pp_recycle_rx_pkt
                0x0000000040202538                system_adc_read
                0x000000004020257c                system_adc_read_fast
                0x00000000402025e8                system_get_vdd33
                0x0000000040202618                system_get_flash_size_map
                0x0000000040202638                system_get_boot_version
                0x0000000040202644                system_get_test_result
                0x0000000040202668                system_get_boot_mode
                0x000000004020268c                system_upgrade_userbin_set
                0x00000000402026e0                system_upgrade_userbin_check
                0x0000000040202730                system_get_userbin_addr
                0x00000000402027cc                system_upgrade_flag_set
                0x00000000402027e0                system_upgrade_flag_check
                0x00000000402027ec                spi_flash_erase_protect_disable
                0x0000000040202804                spi_flash_erase_sector_check
                0x00000000402028ac                get_irom0_bin_len
                0x00000000402028f8                get_flash_bin_len
                0x0000000040202b54                system_get_current_sumlength
                0x0000000040202bcc                spi_flash_erase_protect_enable
                0x0000000040202bfc                system_deep_sleep_set_option
                0x0000000040202c1c                system_phy_temperature_alert
                0x0000000040202c30                system_phy_set_max_tpw
                0x0000000040202c48                system_phy_set_tpw_via_vdd33
                0x0000000040202c60                system_phy_set_rfoption
                0x0000000040202c7c                system_update_cpu_freq
                0x0000000040202cd0                system_get_cpu_freq
                0x0000000040202ce8                system_overclock
                0x0000000040202d14                system_restoreclock
                0x0000000040202d64                system_get_time
                0x0000000040202d78                system_relative_time
                0x0000000040202d90                system_station_got_ip_set
                0x0000000040202e38                system_print_meminfo
                0x0000000040202e94                system_get_free_heap_size
                0x0000000040202eac                system_get_chip_id
                0x0000000040202eec                system_rtc_clock_cali_proc
                0x0000000040202f00                system_get_rtc_time
                0x0000000040202f0c                system_get_rst_info
                0x0000000040202f14                system_get_data_of_array_8
                0x0000000040202f38                system_get_data_of_array_16
                0x0000000040202f50                system_get_string_from_flash
                0x0000000040202fc8                wifi_get_netif
                0x0000000040202fec                system_get_checksum
                0x0000000040203028                wifi_param_save_protect_with_check
                0x00000000402030ec                system_param_save_with_protect
                0x0000000040203474                wifi_set_opmode
                0x0000000040203488                wifi_set_opmode_current
                0x00000000402034a4                system_deep_sleep
                0x00000000402034e8                system_restore
                0x0000000040203550                system_save_sys_param
                0x000000004020357c                system_param_load
                0x00000000402035f8                wifi_get_opmode_default
                0x0000000040203744                wifi_get_opmode
                0x0000000040203904                system_restart
                0x0000000040203984                system_restart_enhance
                0x0000000040203ab8                system_upgrade_reboot
                0x0000000040203bd0                wifi_station_get_config
                0x0000000040203be4                wifi_station_get_config_default
                0x0000000040203bf8                wifi_station_get_ap_info
                0x0000000040203cf4                wifi_station_ap_number_set
                0x0000000040203d74                wifi_station_set_config
                0x0000000040203d90                wifi_station_set_config_current
                0x0000000040203dac                wifi_station_get_current_ap_id
                0x0000000040203dc4                wifi_station_ap_check
                0x0000000040203dfc                wifi_station_scan
                0x0000000040203e70                wifi_station_get_auto_connect
                0x0000000040203e88                wifi_station_set_auto_connect
                0x0000000040203ee8                wifi_station_save_pmk2cache
                0x0000000040204000                wifi_station_save_bssid
                0x00000000402040a0                wifi_station_connect
                0x0000000040204140                wifi_station_disconnect
                0x000000004020423c                wifi_station_ap_change
                0x0000000040204390                wifi_station_dhcpc_event
                0x00000000402043e4                wifi_station_recon_stop_dhcp
                0x000000004020441c                wifi_station_get_connect_status
                0x000000004020444c                wifi_station_set_reconnect_policy
                0x0000000040204474                wifi_station_get_reconnect_policy
                0x000000004020447c                wifi_station_get_rssi
                0x00000000402044bc                wifi_station_set_default_hostname
                0x000000004020451c                wifi_station_get_hostname
                0x0000000040204544                wifi_softap_cacl_mac
                0x00000000402045b4                wifi_softap_set_station_info
                0x0000000040204648                wifi_softap_get_station_info
                0x0000000040204718                wifi_softap_free_station_info
                0x0000000040204764                wifi_softap_get_station_num
                0x00000000402047ac                wifi_softap_deauth
                0x00000000402048b4                wifi_register_user_ie_manufacturer_recv_cb
                0x00000000402048c4                wifi_unregister_user_ie_manufacturer_recv_cb
                0x00000000402048fc                wifi_set_user_ie
                0x0000000040204a4c                wifi_get_user_ie
                0x0000000040204a94                wifi_register_vnd_ie_recv_cb
                0x0000000040204aa4                wifi_unregister_vnd_ie_recv_cb
                0x0000000040204ac4                wifi_set_vnd_ie
                0x0000000040204be0                wifi_get_vnd_ie
                0x0000000040204c00                wifi_get_phy_mode
                0x0000000040204c10                wifi_set_phy_mode
                0x0000000040204ce8                wifi_set_sleep_type
                0x0000000040204d04                wifi_enable_gpio_wakeup
                0x0000000040204d2c                wifi_disable_gpio_wakeup
                0x0000000040204d44                wifi_get_sleep_type
                0x0000000040204d58                wifi_get_channel
                0x0000000040204da4                wifi_set_channel
                0x0000000040204e4c                wifi_adjust_ap_chan
                0x0000000040204ef0                wifi_set_country
                0x0000000040204f90                wifi_get_country
                0x0000000040204fe4                wifi_promiscuous_set_mac
                0x0000000040205060                wifi_promiscuous_enable
                0x0000000040205164                wifi_set_promiscuous_rx_cb
                0x000000004020516c                wifi_get_macaddr
                0x00000000402051d8                wifi_softap_set_default_ssid
                0x00000000402054c8                wifi_softap_set_config
                0x00000000402054dc                wifi_softap_set_config_current
                0x0000000040205678                wifi_softap_get_config
                0x000000004020568c                wifi_softap_get_config_default
                0x00000000402056a4                wifi_set_macaddr
                0x00000000402057f8                wifi_enable_6m_rate
                0x0000000040205828                wifi_get_user_fixed_rate
                0x0000000040205884                wifi_set_user_fixed_rate
                0x00000000402058d0                wifi_set_user_sup_rate
                0x000000004020592c                wifi_get_user_limit_rate_mask
                0x000000004020595c                wifi_set_user_limit_rate_mask
                0x0000000040205994                wifi_register_send_pkt_freedom_cb
                0x00000000402059c8                wifi_unregister_send_pkt_freedom_cb
                0x00000000402059f0                wifi_send_pkt_freedom
                0x0000000040205a70                wifi_rfid_locp_recv_open
                0x0000000040205aa0                wifi_rfid_locp_recv_close
                0x0000000040205ac8                wifi_register_rfid_locp_recv_cb
                0x0000000040205afc                wifi_unregister_rfid_locp_recv_cb
                0x0000000040205b24                wifi_status_led_install
                0x0000000040205b8c                wifi_status_led_uninstall
                0x0000000040205bd0                wifi_set_status_led_output_level
                0x0000000040205bf0                wifi_set_event_handler_cb
                0x0000000040205cb0                system_deep_sleep_instant
                0x0000000040205f7c                system_uart_swap
                0x0000000040205fdc                system_uart_de_swap
                0x0000000040206014                system_get_sdk_version
 *fill*         0x0000000040206019        0x3 
 .irom0.text    0x000000004020601c      0x47b /home/liqingqiao/esp/ESP8266_RTOS_SDK/components/esp8266/lib/libnet80211.a(ieee80211.o)
                                        0x577 (size before relaxing)
                0x000000004020601c                ieee80211_freedom_inside_cb
                0x0000000040206050                ieee80211_rate_ref_init
                0x000000004020606c                ieee80211_freedom_init
                0x0000000040206098                ieee80211_ie_ref_init
                0x00000000402060e4                ieee80211_mhz2ieee
                0x0000000040206138                ieee80211_ifattach
                0x0000000040206204                ieee80211_chan2ieee
                0x0000000040206220                ieee80211_ieee2mhz
                0x0000000040206260                ieee80211_find_channel
                0x0000000040206284                ieee80211_find_channel_byieee
                0x00000000402062d0                wifi_mode_set
 *fill*         0x0000000040206497        0x1 
 .irom0.text    0x0000000040206498       0xe6 /home/liqingqiao/esp/ESP8266_RTOS_SDK/components/esp8266/lib/libnet80211.a(ieee80211_crypto.o)
                                         0xee (size before relaxing)
                0x0000000040206498                ieee80211_crypto_attach
                0x000000004020649c                ieee80211_crypto_available
                0x00000000402064a0                ieee80211_crypto_setkey
                0x00000000402064a4                ieee80211_crypto_encap
                0x0000000040206508                ieee80211_crypto_decap
 *fill*         0x000000004020657e        0x2 
 .irom0.text    0x0000000040206580     0x1a4b /home/liqingqiao/esp/ESP8266_RTOS_SDK/components/esp8266/lib/libnet80211.a(ieee80211_hostap.o)
                                       0x1f2f (size before relaxing)
                0x000000004020699c                freqcal_scan_done
                0x0000000040206a00                hostap_handle_timer
                0x0000000040206a94                ieee80211_hostap_attach
                0x0000000040206cb8                hostap_input
                0x000000004020791c                wifi_softap_start
                0x0000000040207dc8                wifi_softap_stop
 *fill*         0x0000000040207fcb        0x1 
 .irom0.text    0x0000000040207fcc      0x9a5 /home/liqingqiao/esp/ESP8266_RTOS_SDK/components/esp8266/lib/libnet80211.a(ieee80211_ht.o)
                                        0xa4d (size before relaxing)
                0x0000000040208540                ieee80211_ht_attach
                0x0000000040208584                ieee80211_ht_node_cleanup
                0x000000004020859c                ieee80211_ht_node_init
                0x00000000402085f0                ieee80211_parse_htcap
                0x0000000040208644                ieee80211_ht_updateparams
                0x00000000402087c4                ieee80211_setup_htrates
                0x000000004020887c                ieee80211_setup_basic_htrates
                0x00000000402088d4                ieee80211_add_htcap
                0x00000000402088f0                ieee80211_add_htcap_vendor
                0x0000000040208924                ieee80211_add_htinfo
                0x0000000040208940                ieee80211_add_htinfo_vendor
 *fill*         0x0000000040208971        0x3 
 .irom0.text    0x0000000040208974      0x9fc /home/liqingqiao/esp/ESP8266_RTOS_SDK/components/esp8266/lib/libnet80211.a(ieee80211_input.o)
                                        0xaa8 (size before relaxing)
                0x0000000040208a84                ieee80211_deliver_data
                0x0000000040208b74                ieee80211_free_pbuf
                0x0000000040208bc0                ieee80211_decap
                0x0000000040208cb4                ieee80211_setup_rates
                0x0000000040208d28                ieee80211_alloc_challenge
                0x0000000040208d74                ieee80211_parse_beacon
                0x00000000402090d0                ieee80211_parse_wpa
                0x00000000402091d0                ieee80211_parse_rsn
                0x00000000402092dc                ieee80211_parse_action
                0x000000004020936c                ieee80211_setup_rateset
 .irom0.text    0x0000000040209370      0x2d3 /home/liqingqiao/esp/ESP8266_RTOS_SDK/components/esp8266/lib/libnet80211.a(ieee80211_mesh_quick.o)
                                        0x31b (size before relaxing)
                0x000000004020937c                ieee80211_mesh_quick_init
                0x00000000402093e4                ieee80211_mesh_quick_deinit
                0x0000000040209410                ieee80211_mesh_quick_set
                0x0000000040209520                ieee80211_mesh_quick_get
                0x000000004020960c                ieee80211_mesh_quick_ie_add
 *fill*         0x0000000040209643        0x1 
 .irom0.text    0x0000000040209644     0x1e06 /home/liqingqiao/esp/ESP8266_RTOS_SDK/components/esp8266/lib/libnet80211.a(ieee80211_output.o)
                                       0x21e6 (size before relaxing)
                0x000000004020967c                ieee80211_output_pbuf
                0x0000000040209c18                ieee80211_send_setup
                0x0000000040209d40                ieee80211_mgmt_output
                0x0000000040209e50                ieee80211_tx_mgt_cb
                0x0000000040209e58                ieee80211_send_nulldata
                0x0000000040209f9c                ieee80211_add_rates
                0x0000000040209fe8                ieee80211_add_xrates
                0x000000004020a038                ieee80211_send_probereq
                0x000000004020a29c                ieee80211_getcapinfo
                0x000000004020a2f4                ieee80211_send_mgmt
                0x000000004020a92c                ieee80211_alloc_proberesp
                0x000000004020abbc                ieee80211_send_proberesp
                0x000000004020acf4                ieee80211_alloc_deauth
                0x000000004020ad2c                ieee80211_send_deauth
                0x000000004020ae6c                ieee80211_freedom_output
                0x000000004020b048                ieee80211_beacon_alloc
 *fill*         0x000000004020b44a        0x2 
 .irom0.text    0x000000004020b44c       0xe9 /home/liqingqiao/esp/ESP8266_RTOS_SDK/components/esp8266/lib/libnet80211.a(ieee80211_phy.o)
                                        0x109 (size before relaxing)
                0x000000004020b44c                ieee80211_phy_type_get
                0x000000004020b46c                ieee80211_setup_ratetable
                0x000000004020b504                ieee80211_phy_init
 *fill*         0x000000004020b535        0x3 
 .irom0.text    0x000000004020b538      0x1b3 /home/liqingqiao/esp/ESP8266_RTOS_SDK/components/esp8266/lib/libnet80211.a(ieee80211_power.o)
                                        0x1e7 (size before relaxing)
                0x000000004020b538                ieee80211_psq_init
                0x000000004020b55c                ieee80211_psq_cleanup
                0x000000004020b560                ieee80211_set_tim
                0x000000004020b5a4                ieee80211_pwrsave
                0x000000004020b604                pwrsave_flushq
                0x000000004020b6a8                ieee80211_node_pwrsave
 *fill*         0x000000004020b6eb        0x1 
 .irom0.text    0x000000004020b6ec       0xfd /home/liqingqiao/esp/ESP8266_RTOS_SDK/components/esp8266/lib/libnet80211.a(ieee80211_proto.o)
                                        0x129 (size before relaxing)
                0x000000004020b6f0                ieee80211_proto_attach
                0x000000004020b718                ieee80211_set_shortslottime
                0x000000004020b734                ieee80211_iserp_rateset
                0x000000004020b778                ieee80211_wme_initparams
                0x000000004020b77c                ieee80211_wme_updateparams
                0x000000004020b784                ieee80211_mlme_connect_bss
 *fill*         0x000000004020b7e9        0x3 
 .irom0.text    0x000000004020b7ec      0x1bc /home/liqingqiao/esp/ESP8266_RTOS_SDK/components/esp8266/lib/libnet80211.a(ieee80211_regdomain.o)
                                        0x1e8 (size before relaxing)
                0x000000004020b7ec                ieee80211_regdomain_attach
                0x000000004020b818                ieee80211_regdomain_set
                0x000000004020b894                ieee80211_regdomain_update
                0x000000004020b960                ieee80211_add_countryie
 .irom0.text    0x000000004020b9a8       0xae /home/liqingqiao/esp/ESP8266_RTOS_SDK/components/esp8266/lib/libnet80211.a(ieee80211_rfid.o)
                                         0xd2 (size before relaxing)
                0x000000004020b9ac                ieee80211_rfid_locp_recv_open
                0x000000004020b9e4                ieee80211_rfid_locp_recv_close
                0x000000004020b9fc                ieee80211_rfid_locp_recv_reset
                0x000000004020ba1c                ieee80211_rfid_locp_recv
                0x000000004020ba3c                register_ieee80211_rfid_locp_recv_cb
                0x000000004020ba4c                unregister_ieee80211_rfid_locp_recv_cb
 *fill*         0x000000004020ba56        0x2 
 .irom0.text    0x000000004020ba58     0x11e2 /home/liqingqiao/esp/ESP8266_RTOS_SDK/components/esp8266/lib/libnet80211.a(ieee80211_scan.o)
                                       0x15da (size before relaxing)
                0x000000004020bff0                ieee80211_scan_attach
                0x000000004020c044                freq_changle_enable_softap_link_check
                0x000000004020c05c                freq_changle_scan_start
                0x000000004020c178                scan_pm_channel_op_cb
                0x000000004020c1a8                scan_cancel
                0x000000004020c1f0                scan_start
                0x000000004020c334                scan_add_bssid
                0x000000004020c35c                scan_remove_bssid
                0x000000004020c368                scan_hidden_ssid
                0x000000004020c370                scan_add_probe_ssid
                0x000000004020c3d4                scan_remove_probe_ssid
                0x000000004020c3f8                scan_clear_channles
                0x000000004020c428                scan_set_desChan
                0x000000004020c438                scan_get_type
                0x000000004020c440                cannel_scan_connect_state
                0x000000004020c458                scan_connect_state
                0x000000004020c4a4                scan_check_hidden
                0x000000004020c704                scan_profile_check
                0x000000004020c8ec                scan_parse_beacon
 *fill*         0x000000004020cc3a        0x2 
 .irom0.text    0x000000004020cc3c      0xfab /home/liqingqiao/esp/ESP8266_RTOS_SDK/components/esp8266/lib/libnet80211.a(ieee80211_sta.o)
                                       0x11e7 (size before relaxing)
                0x000000004020cc3c                sta_status_set
                0x000000004020ccc0                ieee80211_sta_new_state
                0x000000004020d00c                ieee80211_parse_wmeparams
                0x000000004020d098                sta_input
                0x000000004020db28                wifi_station_start
                0x000000004020db94                wifi_station_stop
 *fill*         0x000000004020dbe7        0x1 
 .irom0.text    0x000000004020dbe8      0x335 /home/liqingqiao/esp/ESP8266_RTOS_SDK/components/esp8266/lib/libnet80211.a(wl_chm.o)
                                        0x3f9 (size before relaxing)
                0x000000004020dbec                chm_release_lock
                0x000000004020dc04                chm_end_op
                0x000000004020dc58                chm_cancel_op
                0x000000004020dc90                chm_acquire_lock
                0x000000004020dcdc                chm_set_current_channel
                0x000000004020dd48                chm_init
                0x000000004020de70                chm_start_op
                0x000000004020dea0                chm_return_home_channel
                0x000000004020dec4                chm_freq2index
                0x000000004020deec                chm_check_same_channel
 *fill*         0x000000004020df1d        0x3 
 .irom0.text    0x000000004020df20     0x1790 /home/liqingqiao/esp/ESP8266_RTOS_SDK/components/esp8266/lib/libnet80211.a(wl_cnx.o)
                                       0x1d38 (size before relaxing)
                0x000000004020e05c                cnx_sta_connect_led_timer_cb
                0x000000004020e53c                cnx_csa_fn
                0x000000004020e618                cnx_start_handoff_cb
                0x000000004020e7ec                cnx_attach
                0x000000004020e838                cnx_sta_connect_cmd
                0x000000004020e92c                cnx_connect_timeout
                0x000000004020e994                cnx_handshake_timeout
                0x000000004020e9c0                cnx_sta_scan_cmd
                0x000000004020ead4                cnx_auth_timeout
                0x000000004020eaf4                cnx_assoc_timeout
                0x000000004020eb14                cnx_rc_search
                0x000000004020eb6c                cnx_add_rc
                0x000000004020ebf4                cnx_remove_all_rc
                0x000000004020ec44                cnx_remove_rc
                0x000000004020eccc                cnx_bss_alloc
                0x000000004020ed48                cnx_rc_update_rssi
                0x000000004020eda8                cnx_rc_update_state_metric
                0x000000004020ee48                cnx_rc_update_age
                0x000000004020ee5c                cnx_update_bss
                0x000000004020ee8c                cnx_update_bss_more
                0x000000004020f034                cnx_sta_leave
                0x000000004020f114                cnx_sta_associated
                0x000000004020f1cc                cnx_node_alloc
                0x000000004020f244                cnx_node_remove
                0x000000004020f2d4                cnx_node_search
                0x000000004020f34c                cnx_node_leave
                0x000000004020f434                wifi_softap_staconnected_event_policy
                0x000000004020f464                wifi_softap_toomany_deny
                0x000000004020f4a8                cnx_node_join
 .irom0.text    0x000000004020f6b0      0x152 /home/liqingqiao/esp/ESP8266_RTOS_SDK/components/esp8266/lib/libnet80211.a(ieee80211_action.o)
                                        0x176 (size before relaxing)
                0x000000004020f6c4                ieee80211_send_action_register
                0x000000004020f6fc                ieee80211_send_action_unregister
                0x000000004020f710                ieee80211_send_action
                0x000000004020f768                ieee80211_recv_action_register
                0x000000004020f798                ieee80211_recv_action_unregister
                0x000000004020f7ac                ieee80211_recv_action
 *fill*         0x000000004020f802        0x2 
 .irom0.text    0x000000004020f804      0x43d /home/liqingqiao/esp/ESP8266_RTOS_SDK/components/esp8266/lib/libnet80211.a(ieee80211_action_vendor.o)
                                        0x4b1 (size before relaxing)
                0x000000004020f808                get_iav_key
                0x000000004020f838                ieee80211_recv_action_vendor_spec
                0x000000004020f944                register_ieee80211_action_vendor_get_key_cb
                0x000000004020f954                unregister_ieee80211_action_vendor_get_key_cb
                0x000000004020f96c                ieee80211_add_action_vendor_spec_esp
                0x000000004020f9b4                ieee80211_alloc_action_vendor_spec
                0x000000004020fa84                ieee80211_send_action_vendor_spec
                0x000000004020fbec                ieee80211_action_vendor_spec_attach
                0x000000004020fc28                register_ieee80211_action_vendor_spec_cb
                0x000000004020fc38                unregister_ieee80211_action_vendor_spec_cb
 *fill*         0x000000004020fc41        0x3 
 .irom0.text    0x000000004020fc44      0x11d /home/liqingqiao/esp/ESP8266_RTOS_SDK/components/esp8266/lib/libnet80211.a(ieee80211_crypto_ccmp.o)
                                        0x121 (size before relaxing)
 *fill*         0x000000004020fd61        0x3 
 .irom0.text    0x000000004020fd64       0x4d /home/liqingqiao/esp/ESP8266_RTOS_SDK/components/esp8266/lib/libnet80211.a(ieee80211_ets.o)
                                         0x55 (size before relaxing)
                0x000000004020fd68                ieee80211_getmgtframe
 *fill*         0x000000004020fdb1        0x3 
 .irom0.text    0x000000004020fdb4      0x2a1 /home/liqingqiao/esp/ESP8266_RTOS_SDK/components/esp8266/lib/libnet80211.a(ieee80211_ie_vendor.o)
                                        0x2b9 (size before relaxing)
                0x000000004020fdb8                ieee80211_add_ie_vendor_esp_head
                0x000000004020fde0                ieee80211_add_ie_vendor_esp_mesh_assoc
                0x000000004020fe9c                ieee80211_add_ie_vendor_esp_mesh_group
                0x000000004020fed8                ieee80211_add_ie_vendor_esp_simple_pair
                0x000000004020ff38                ieee80211_add_ie_vendor_esp_freq_annon
                0x000000004020ff7c                ieee80211_add_ie_vendor_esp_now
                0x000000004020ffb8                ieee80211_add_ie_vendor_esp_ssid
                0x000000004020fffc                ieee80211_add_ie_vendor_esp_manufacturer
 *fill*         0x0000000040210055        0x3 
 .irom0.text    0x0000000040210058       0xfa /home/liqingqiao/esp/ESP8266_RTOS_SDK/components/esp8266/lib/libphy.a(phy.o)
                                        0x11e (size before relaxing)
                0x000000004021005c                rf_init
                0x0000000040210078                bb_init
                0x0000000040210090                phy_init
                0x00000000402100c0                RFChannelSel
                0x00000000402100dc                phy_delete_channel
                0x00000000402100f4                phy_enable_agc
                0x000000004021010c                phy_disable_agc
                0x0000000040210124                phy_initialize_bb
                0x000000004021013c                phy_set_sense
 *fill*         0x0000000040210152        0x2 
 .irom0.text    0x0000000040210154     0x178b /home/liqingqiao/esp/ESP8266_RTOS_SDK/components/esp8266/lib/libphy.a(phy_chip_v6_ana.o)
                                       0x19b7 (size before relaxing)
                0x0000000040210158                ram_pbus_set_rxgain
                0x000000004021022c                ram_pbus_debugmode
                0x00000000402102e0                ram_pbus_xpd_tx_on
                0x000000004021034c                set_rf_freq_offset
                0x00000000402103bc                chip_v6_rxmax_ext_ana
                0x0000000040210510                ram_chip_v6_rx_init
                0x0000000040210544                tsen_meas
                0x00000000402105f0                readvdd33
                0x00000000402107b8                txpwr_offset
                0x0000000040210874                set_txcap_reg
                0x00000000402108f4                ram_ana_inf_gating_en
                0x0000000040210a54                ram_restart_cal
                0x0000000040210ac0                wait_rfpll_cal_end
                0x0000000040210b54                ram_rfpll_set_freq
                0x0000000040210c58                ram_set_channel_freq
                0x0000000040210f5c                chip_60_set_channel
                0x0000000040211124                chip_v6_set_chan_offset
                0x0000000040211184                chip_v6_set_chan
                0x0000000040211234                chip_v6_set_chan_wakeup
                0x00000000402112b0                chip_v6_rf_init
                0x0000000040211514                low_power_set
                0x0000000040211564                test_tout
                0x00000000402116d8                check_data_flag
                0x00000000402116f8                phy_get_check_flag
                0x000000004021182c                phy_get_vdd33
 *fill*         0x00000000402118df        0x1 
 .irom0.text    0x00000000402118e0     0x3d7c /home/liqingqiao/esp/ESP8266_RTOS_SDK/components/esp8266/lib/libphy.a(phy_chip_v6.o)
                                       0x44a4 (size before relaxing)
                0x00000000402118e0                ram_tx_mac_enable
                0x00000000402118e4                ram_tx_mac_disable
                0x00000000402118e8                rtc_mem_backup
                0x0000000040211918                rtc_mem_recovery
                0x0000000040211948                set_cal_rxdc
                0x0000000040211a00                set_rx_gain_cal_iq
                0x0000000040211d5c                gen_rx_gain_table
                0x0000000040211eb4                pbus_set_rxbbgain
                0x0000000040211f34                set_rx_gain_testchip_50
                0x0000000040212274                ram_get_corr_power
                0x0000000040212364                check_data_func
                0x0000000040212384                do_noisefloor_lsleep_v50
                0x00000000402123b8                do_noisefloor
                0x0000000040212428                start_dig_rx
                0x000000004021246c                stop_dig_rx
                0x0000000040212498                chip_v6_set_chanfreq
                0x00000000402124c4                tx_cap_init
                0x00000000402126e8                target_power_add_backoff
                0x0000000040212710                tx_pwctrl_init_cal
                0x00000000402128ac                tx_atten_set_interp
                0x0000000040212b0c                check_tx_pwr_cal
                0x0000000040212c50                tx_pwctrl_init
                0x0000000040212d7c                ram_get_noisefloor
                0x0000000040212d98                get_noisefloor_sat
                0x0000000040212dc8                ram_set_noise_floor
                0x0000000040212e24                ram_start_noisefloor
                0x0000000040212e6c                read_hw_noisefloor
                0x0000000040212e94                noise_check_loop
                0x0000000040212ff8                noise_init
                0x00000000402131fc                target_power_backoff
                0x0000000040213250                sdt_on_noise_start
                0x00000000402132cc                chip_v6_set_chan_rx_cmp
                0x0000000040213458                chip_v6_set_chan_misc
                0x00000000402134e8                phy_dig_spur_set
                0x0000000040213848                phy_dig_spur_prot
                0x0000000040213a80                chip_v6_rxmax_ext_dig
                0x0000000040213acc                chip_v6_rxmax_ext
                0x0000000040213b74                phy_bb_rx_cfg
                0x0000000040213f94                uart_wait_idle
                0x0000000040213fcc                phy_pbus_soc_cfg
                0x0000000040214084                phy_gpio_cfg
                0x000000004021428c                tx_cont_en
                0x0000000040214334                tx_cont_dis
                0x0000000040214388                tx_cont_cfg
                0x00000000402143a4                chip_v6_initialize_bb
                0x0000000040214508                periodic_cal
                0x0000000040214540                bbpll_cal
                0x00000000402145d8                periodic_cal_top
                0x000000004021463c                register_chipv6_phy_init_param
                0x00000000402148e4                change_bbpll160_sleep
                0x0000000040214a98                change_bbpll160
                0x0000000040214ac8                set_crystal_uart
                0x0000000040214b54                ant_switch_init
                0x0000000040214c04                reduce_current_init
                0x0000000040214cf0                rtc_mem_check
                0x0000000040214d2c                phy_afterwake_set_rfoption
                0x0000000040214d48                deep_sleep_set_option
                0x0000000040214d74                write_data_to_rtc
                0x0000000040214dac                get_data_from_rtc
                0x0000000040214df8                register_chipv6_phy
                0x0000000040215214                set_dpd_bypass
                0x000000004021523c                set_rf_gain_stage10
                0x000000004021526c                get_vdd33_offset
                0x00000000402152e0                get_phy_target_power
                0x0000000040215390                set_most_pwr_reg
                0x0000000040215464                phy_set_most_tpw
                0x0000000040215484                phy_vdd33_set_tpw
                0x000000004021549c                get_adc_rand
                0x00000000402154d0                phy_get_rand
                0x00000000402154e8                phy_tx_pwctrl_cali
                0x0000000040215510                phy_check_data_table
                0x000000004021554c                phy_after_init_enrx
                0x00000000402155ac                phy_set_rx11b_reg
                0x00000000402155e0                phy_set_powerup_option
                0x00000000402155f0                phy_get_txpwr_param
                0x000000004021563c                phy_get_rxnf_param
                0x0000000040215648                phy_get_freq_param
 .irom0.text    0x000000004021565c     0x2194 /home/liqingqiao/esp/ESP8266_RTOS_SDK/components/esp8266/lib/libphy.a(phy_chip_v6_cal.o)
                                       0x23dc (size before relaxing)
                0x000000004021565c                txbbgain2dcoindex
                0x000000004021567c                dcoindex2txbbgain
                0x000000004021569c                init_cal_dcoffset
                0x000000004021575c                set_rfanagain_dc_reg
                0x00000000402157f8                set_txdc_pbus
                0x0000000040215864                get_rf_gain_qdb
                0x000000004021588c                correct_rf_ana_gain
                0x0000000040215994                get_sar_dout
                0x0000000040215a24                cal_rf_ana_gain
                0x0000000040215b3c                meas_tone_pwr_db
                0x0000000040215bac                tx_pwr_backoff
                0x0000000040215d60                get_fcc_1m2m_pwr_offset
                0x0000000040215d9c                ram_set_txbb_atten
                0x0000000040215e2c                txiq_get_mis_pwr
                0x0000000040215ed4                txiq_cover
                0x00000000402160ec                ram_rfcal_txiq
                0x000000004021635c                rc_cal
                0x000000004021651c                get_target_power_offset
                0x000000004021662c                get_pwctrl_correct
                0x0000000040216684                tx_pwctrl_cal
                0x000000004021697c                tx_pwctrl_bg_init
                0x00000000402169f4                tx_pwctrl_background
                0x0000000040216aac                read_sar_dout
                0x0000000040216b10                ram_get_fm_sar_dout
                0x0000000040216bb4                ram_cal_tos_v60
                0x0000000040216d84                ram_get_bb_atten
                0x0000000040216db4                ram_rfcal_txcap
                0x0000000040216f78                ram_rfcal_pwrctrl
                0x00000000402171b4                ram_rxiq_get_mis
                0x0000000040217370                ram_rxiq_cover_mg_mp
                0x0000000040217514                ram_rfcal_rxiq
                0x000000004021772c                dpd_scale_set
                0x0000000040217774                dpd_mem_write
 .irom0.text    0x00000000402177f0      0xc5e /home/liqingqiao/esp/ESP8266_RTOS_SDK/components/esp8266/lib/libphy.a(phy_sleep.o)
                                        0xe9a (size before relaxing)
                0x00000000402177f0                pm_usec2rtc
                0x0000000040217824                pm_rtc2usec
                0x0000000040217830                pm_set_sleep_cycles
                0x0000000040217858                pm_sleep_opt
                0x00000000402179ac                pm_wakeup_opt
                0x00000000402179e4                get_chip_version
                0x0000000040217a24                pm_sleep_opt_bb_off
                0x0000000040217a70                pm_sleep_opt_bb_on
                0x0000000040217ac4                pm_set_pll_xtal_wait_time
                0x0000000040217af0                pm_prepare_to_sleep
                0x0000000040217af8                pm_sdio_nidle
                0x0000000040217b6c                chg_lslp_mem_opt_8266
                0x0000000040217b8c                pm_wait4wakeup
                0x0000000040217bc8                pm_open_rf
                0x0000000040217c08                pm_sleep_set_mac
                0x0000000040217c8c                pm_set_wakeup_mac
                0x0000000040217d24                pm_check_mac_idle
                0x0000000040217d7c                pm_set_sleep_btco
                0x0000000040217e14                pm_set_wakeup_btco
                0x0000000040217f1c                pm_set_sleep_mode
                0x000000004021803c                pm_unmask_bt
                0x00000000402180a8                pm_wakeup_init
                0x00000000402182f4                sleep_opt_8266
                0x0000000040218314                sleep_opt_bb_on_8266
                0x000000004021834c                sleep_reset_analog_rtcreg_8266
 *fill*         0x000000004021844e        0x2 
 .irom0.text    0x0000000040218450      0x98c /home/liqingqiao/esp/ESP8266_RTOS_SDK/components/esp8266/lib/libphy.a(phy_chip_v5_romfunc.o)
                                        0xa80 (size before relaxing)
                0x0000000040218450                rom_abs_temp
                0x000000004021845c                rom_chip_v5_disable_cca
                0x0000000040218478                rom_chip_v5_enable_cca
                0x0000000040218498                rom_chip_v5_sense_backoff
                0x00000000402184e4                rom_dc_iq_est
                0x0000000040218540                rom_en_pwdet
                0x00000000402185ac                rom_get_bb_atten
                0x00000000402185d4                rom_get_corr_power
                0x0000000040218650                rom_get_fm_sar_dout
                0x00000000402186ec                rom_get_noisefloor
                0x0000000040218708                rom_get_power_db
                0x0000000040218758                rom_iq_est_disable
                0x0000000040218788                rom_iq_est_enable
                0x00000000402187dc                rom_linear_to_db
                0x0000000040218854                rom_set_txclk_en
                0x0000000040218898                rom_set_rxclk_en
                0x00000000402188dc                rom_mhz2ieee
                0x000000004021893c                rom_rxiq_get_mis
                0x0000000040218a3c                rom_sar_init
                0x0000000040218a90                rom_set_ana_inf_tx_scale
                0x0000000040218acc                rom_set_loopback_gain
                0x0000000040218b30                rom_set_noise_floor
                0x0000000040218b6c                rom_start_noisefloor
                0x0000000040218ba8                rom_start_tx_tone
                0x0000000040218c74                rom_stop_tx_tone
                0x0000000040218d00                rom_txtone_linear_pwr
                0x0000000040218d6c                rom_tx_mac_disable
                0x0000000040218da8                rom_tx_mac_enable
 .irom0.text    0x0000000040218ddc     0x101f /home/liqingqiao/esp/ESP8266_RTOS_SDK/components/esp8266/lib/libphy.a(phy_chip_v5_ana_romfunc.o)
                                       0x11e3 (size before relaxing)
                0x0000000040218ddc                rom_ana_inf_gating_en
                0x0000000040218f48                rom_set_channel_freq
                0x0000000040219260                rom_chip_50_set_channel
                0x0000000040219460                rom_chip_v5_rx_init
                0x00000000402194cc                rom_chip_v5_tx_init
                0x00000000402195b0                rom_i2c_readReg
                0x0000000040219628                rom_i2c_readReg_Mask
                0x0000000040219668                rom_i2c_writeReg
                0x00000000402196e0                rom_i2c_writeReg_Mask
                0x0000000040219750                rom_pbus_debugmode
                0x00000000402197e0                rom_pbus_enter_debugmode
                0x0000000040219814                rom_pbus_exit_debugmode
                0x0000000040219848                rom_pbus_force_test
                0x00000000402198a4                rom_pbus_rd
                0x0000000040219910                rom_pbus_set_rxgain
                0x00000000402199d4                rom_pbus_set_txgain
                0x0000000040219a08                rom_pbus_workmode
                0x0000000040219a48                rom_pbus_xpd_rx_off
                0x0000000040219a90                rom_pbus_xpd_rx_on
                0x0000000040219ac0                rom_pbus_xpd_tx_off
                0x0000000040219b00                rom_pbus_xpd_tx_on
                0x0000000040219b60                rom_pbus_xpd_tx_on__low_gain
                0x0000000040219bc4                rom_phy_reset_req
                0x0000000040219bdc                rom_restart_cal
                0x0000000040219c28                rom_rfpll_reset
                0x0000000040219c98                rom_write_rfpll_sdm
                0x0000000040219d1c                rom_rfpll_set_freq
 *fill*         0x0000000040219dfb        0x1 
 .irom0.text    0x0000000040219dfc     0x1142 /home/liqingqiao/esp/ESP8266_RTOS_SDK/components/esp8266/lib/libphy.a(phy_chip_v5_cal_romfunc.o)
                                       0x125e (size before relaxing)
                0x0000000040219dfc                rom_cal_tos_v50
                0x0000000040219fac                rom_pbus_dco___SA2
                0x000000004021a258                rom_rfcal_pwrctrl
                0x000000004021a3e0                rom_rfcal_rxiq
                0x000000004021a5f8                rom_rfcal_rxiq_set_reg
                0x000000004021a6fc                rom_rfcal_txcap
                0x000000004021a95c                rom_rfcal_txiq
                0x000000004021abb0                rom_rfcal_txiq_cover
                0x000000004021abb4                rom_rfcal_txiq_set_reg
                0x000000004021ac90                rom_rxiq_cover_mg_mp
                0x000000004021ade0                rom_set_txbb_atten
                0x000000004021aeac                rom_set_txiq_cal
 *fill*         0x000000004021af3e        0x2 
 .irom0.text    0x000000004021af40      0x5d5 /home/liqingqiao/esp/ESP8266_RTOS_SDK/components/esp8266/lib/libpp.a(esf_buf.o)
                                        0x731 (size before relaxing)
                0x000000004021af48                esf_buf_alloc
                0x000000004021b294                esf_buf_recycle
                0x000000004021b450                esf_buf_setup
 *fill*         0x000000004021b515        0x3 
 .irom0.text    0x000000004021b518      0x494 /home/liqingqiao/esp/ESP8266_RTOS_SDK/components/esp8266/lib/libpp.a(if_hwctrl.o)
                                        0x5bc (size before relaxing)
                0x000000004021b55c                ic_get_addr
                0x000000004021b56c                ic_set_opmode
                0x000000004021b584                ic_enable_interface
                0x000000004021b5d8                ic_interface_enabled
                0x000000004021b5ec                ic_disable_interface
                0x000000004021b628                ic_is_pure_sta
                0x000000004021b64c                ic_get_ptk_alg
                0x000000004021b65c                ic_get_gtk_alg
                0x000000004021b66c                ic_set_ptk_alg
                0x000000004021b67c                ic_set_gtk_alg
                0x000000004021b68c                ic_interface_is_p2p
                0x000000004021b6a8                ic_set_vif
                0x000000004021b774                ic_set_sta
                0x000000004021b89c                ic_bss_info_update
                0x000000004021b8f8                ic_set_key
                0x000000004021b950                ic_get_key
                0x000000004021b970                ic_remove_key
                0x000000004021b988                ic_get_rssi
 .irom0.text    0x000000004021b9ac      0x10d /home/liqingqiao/esp/ESP8266_RTOS_SDK/components/esp8266/lib/libpp.a(lmac.o)
                                        0x129 (size before relaxing)
                0x000000004021b9b0                lmacInitAc
                0x000000004021b9f4                lmacInit
                0x000000004021ba98                lmacSetRetryLimit
 *fill*         0x000000004021bab9        0x3 
 .irom0.text    0x000000004021babc     0x1e38 /home/liqingqiao/esp/ESP8266_RTOS_SDK/components/esp8266/lib/libpp.a(pm.o)
                                       0x2520 (size before relaxing)
                0x000000004021baf0                pm_idle_sleep
                0x000000004021bfc0                pm_set_gpio_wakeup_pin
                0x000000004021bff4                pm_clear_gpio_wakeup_pin
                0x000000004021c004                pm_is_gpio_int_trig
                0x000000004021c018                pm_rtc_clock_cali_proc
                0x000000004021c050                pm_get_ck170_period
                0x000000004021c5e0                pm_set_sleep_time
                0x000000004021c5fc                pm_rf_is_closed
                0x000000004021c638                pm_set_sleep_type_from_upper
                0x000000004021c6d0                pm_get_sleep_type
                0x000000004021c6e4                uart_tx_flush
                0x000000004021c6e8                pm_suspend
                0x000000004021c6f0                pm_reset_idle_sleep
                0x000000004021c744                pm_open
                0x000000004021c880                vApplicationIdleHook
                0x000000004021c8b0                freertos_set_idle_cb
                0x000000004021c8bc                pm_incr_active_cnt
                0x000000004021c8d4                pm_disable_active_timer
                0x000000004021c8ec                pm_enable_active_timer
                0x000000004021c904                pm_keep_active_disable
                0x000000004021c924                pm_keep_active_enable
                0x000000004021c940                pm_enable_gpio_wakeup
                0x000000004021c988                pm_attach
                0x000000004021caa4                pm_send_nullfunc
                0x000000004021ccf8                pm_shutdown
                0x000000004021d1a8                pm_is_waked
                0x000000004021d39c                pm_is_open
                0x000000004021d3ac                pm_scan_lock
                0x000000004021d3d4                pm_try_scan_unlock
                0x000000004021d3e8                pm_force_scan_unlock
                0x000000004021d400                pm_scan_unlocked
                0x000000004021d410                pm_allow_tx
                0x000000004021d444                pm_assoc_parse
                0x000000004021d45c                pm_set_addr
                0x000000004021d47c                pm_sleep_for
                0x000000004021d4b8                pm_post
                0x000000004021d5e0                pm_get_idle_wait_time
                0x000000004021d640                pm_onBcnRx
 .irom0.text    0x000000004021d8f4      0xc30 /home/liqingqiao/esp/ESP8266_RTOS_SDK/components/esp8266/lib/libpp.a(pm_for_bcn_only_mode.o)
                                        0xfe8 (size before relaxing)
                0x000000004021e178                wifi_fpm_set_sleep_type
                0x000000004021e178                fpm_set_type_from_upper
                0x000000004021e1dc                wifi_fpm_get_sleep_type
                0x000000004021e1dc                fpm_get_slp_type
                0x000000004021e1e4                fpm_rf_is_closed
                0x000000004021e1fc                fpm_is_open
                0x000000004021e208                fpm_allow_tx
                0x000000004021e230                wifi_fpm_close
                0x000000004021e230                fpm_close
                0x000000004021e2cc                wifi_fpm_open
                0x000000004021e2cc                fpm_open
                0x000000004021e364                fpm_attach
                0x000000004021e3c0                wifi_fpm_set_wakeup_cb
                0x000000004021e3c0                fpm_set_wakeup_cb
                0x000000004021e3c8                wifi_fpm_do_wakeup
                0x000000004021e3c8                fpm_do_wakeup
                0x000000004021e424                fpm_do_sleep
                0x000000004021e424                wifi_fpm_do_sleep
                0x000000004021e4e4                fpm_auto_sleep_set_in_null_mode
                0x000000004021e4e4                wifi_fpm_auto_sleep_set_in_null_mode
                0x000000004021e51c                get_fpm_auto_sleep_flag
 .irom0.text    0x000000004021e524     0x1fe7 /home/liqingqiao/esp/ESP8266_RTOS_SDK/components/esp8266/lib/libpp.a(pp.o)
                                       0x24cb (size before relaxing)
                0x000000004021e528                DefFreqCalTimerCB
                0x000000004021e534                pp_tx_idle_timeout
                0x000000004021e640                PPWdtReset
                0x000000004021e670                pp_soft_wdt_init
                0x000000004021e69c                system_soft_wdt_feed
                0x000000004021e69c                pp_soft_wdt_feed
                0x000000004021e6c0                pp_soft_wdt_stop
                0x000000004021e6c0                system_soft_wdt_stop
                0x000000004021e6fc                pp_soft_wdt_restart
                0x000000004021e6fc                system_soft_wdt_restart
                0x000000004021e734                RxNodeNum
                0x000000004021e74c                TxNodeNum
                0x000000004021e76c                pp_disable_noise_timer
                0x000000004021e7a0                pp_enable_noise_timer
                0x000000004021e8b8                pp_noise_test
                0x000000004021e8c8                reset_noise_timer
                0x000000004021e910                pp_disable_idle_timer
                0x000000004021e934                pp_enable_idle_timer
                0x000000004021e95c                pp_try_enable_idle_timer
                0x000000004021e984                ppProcessRxPktHdr
                0x000000004021e9f0                ppRegisterTxCallback
                0x000000004021ea1c                ppUnregisterTxCallback
                0x000000004021ea50                ppRecycleRxPkt
                0x000000004021eaac                freq_change_sta_scan_force_enable
                0x000000004021eab4                freq_changle_sta_scan_do_cb
                0x000000004021eb0c                freq_change_check_scan_start
                0x000000004021eb2c                freq_change_check_scan_done
                0x000000004021ed60                freq_change_check_scan_work
                0x000000004021f044                ppGetTxQFirstAvail_Locked
                0x000000004021f100                pp_attach
                0x000000004021f400                ppProcessWaitQ
                0x000000004021f418                ppCheckTxIdle
                0x000000004021f54c                ppTask
                0x0000000040220088                ppTxPkt