Archive member included because of file (symbol)

/home/liqingqiao/esp/ESP8266_RTOS_SDK/examples/get-started/project_template/build/freertos/libfreertos.a(xtensa_vectors.o)
                              (call_user_start)
/home/liqingqiao/esp/ESP8266_RTOS_SDK/examples/get-started/project_template/build/freertos/libfreertos.a(panic.o)
                              /home/liqingqiao/esp/ESP8266_RTOS_SDK/examples/get-started/project_template/build/freertos/libfreertos.a(xtensa_vectors.o) (panicHandler)
/home/liqingqiao/esp/ESP8266_RTOS_SDK/examples/get-started/project_template/build/freertos/libfreertos.a(port.o)
                              /home/liqingqiao/esp/ESP8266_RTOS_SDK/examples/get-started/project_template/build/freertos/libfreertos.a(panic.o) (vPortEnterCritical)
/home/liqingqiao/esp/ESP8266_RTOS_SDK/examples/get-started/project_template/build/freertos/libfreertos.a(xtensa_context.o)
                              /home/liqingqiao/esp/ESP8266_RTOS_SDK/examples/get-started/project_template/build/freertos/libfreertos.a(xtensa_vectors.o) (_xt_context_save)
/home/liqingqiao/esp/ESP8266_RTOS_SDK/examples/get-started/project_template/build/freertos/libfreertos.a(os_cpu_a.o)
                              /home/liqingqiao/esp/ESP8266_RTOS_SDK/examples/get-started/project_template/build/freertos/libfreertos.a(xtensa_vectors.o) (_xt_int_enter)
/home/liqingqiao/esp/ESP8266_RTOS_SDK/examples/get-started/project_template/build/freertos/libfreertos.a(queue.o)
                              /home/liqingqiao/esp/ESP8266_RTOS_SDK/examples/get-started/project_template/build/freertos/libfreertos.a(port.o) (xQueueReceive)
/home/liqingqiao/esp/ESP8266_RTOS_SDK/examples/get-started/project_template/build/freertos/libfreertos.a(list.o)
                              /home/liqingqiao/esp/ESP8266_RTOS_SDK/examples/get-started/project_template/build/freertos/libfreertos.a(queue.o) (vListInitialise)
/home/liqingqiao/esp/ESP8266_RTOS_SDK/examples/get-started/project_template/build/freertos/libfreertos.a(tasks.o)
                              /home/liqingqiao/esp/ESP8266_RTOS_SDK/examples/get-started/project_template/build/freertos/libfreertos.a(os_cpu_a.o) (pxCurrentTCB)
/home/liqingqiao/esp/ESP8266_RTOS_SDK/examples/get-started/project_template/build/freertos/libfreertos.a(timers.o)
                              /home/liqingqiao/esp/ESP8266_RTOS_SDK/examples/get-started/project_template/build/freertos/libfreertos.a(tasks.o) (xTimerCreateTimerTask)
/home/liqingqiao/esp/ESP8266_RTOS_SDK/examples/get-started/project_template/build/freertos/libfreertos.a(heap_5.o)
                              /home/liqingqiao/esp/ESP8266_RTOS_SDK/examples/get-started/project_template/build/freertos/libfreertos.a(queue.o) (vPortFree)
/home/liqingqiao/esp/ESP8266_RTOS_SDK/components/newlib/newlib/lib/libc_nano.a(lib_a-printf.o)
                              /home/liqingqiao/esp/ESP8266_RTOS_SDK/examples/get-started/project_template/build/freertos/libfreertos.a(port.o) (printf)
/home/liqingqiao/esp/ESP8266_RTOS_SDK/components/newlib/newlib/lib/libc_nano.a(lib_a-puts.o)
                              /home/liqingqiao/esp/ESP8266_RTOS_SDK/examples/get-started/project_template/build/freertos/libfreertos.a(heap_5.o) (puts)
/home/liqingqiao/esp/ESP8266_RTOS_SDK/components/newlib/newlib/lib/libc_nano.a(lib_a-strrchr.o)
                              /home/liqingqiao/esp/ESP8266_RTOS_SDK/examples/get-started/project_template/build/freertos/libfreertos.a(heap_5.o) (strrchr)
/home/liqingqiao/esp/ESP8266_RTOS_SDK/components/newlib/newlib/lib/libc_nano.a(lib_a-findfp.o)
                              /home/liqingqiao/esp/ESP8266_RTOS_SDK/components/newlib/newlib/lib/libc_nano.a(lib_a-printf.o) (__sinit)
/home/liqingqiao/esp/ESP8266_RTOS_SDK/components/newlib/newlib/lib/libc_nano.a(lib_a-fvwrite.o)
                              /home/liqingqiao/esp/ESP8266_RTOS_SDK/components/newlib/newlib/lib/libc_nano.a(lib_a-puts.o) (__sfvwrite_r)
/home/liqingqiao/esp/ESP8266_RTOS_SDK/components/newlib/newlib/lib/libc_nano.a(lib_a-fwalk.o)
                              /home/liqingqiao/esp/ESP8266_RTOS_SDK/components/newlib/newlib/lib/libc_nano.a(lib_a-findfp.o) (_fwalk)
/home/liqingqiao/esp/ESP8266_RTOS_SDK/components/newlib/newlib/lib/libc_nano.a(lib_a-memchr.o)
                              /home/liqingqiao/esp/ESP8266_RTOS_SDK/components/newlib/newlib/lib/libc_nano.a(lib_a-fvwrite.o) (memchr)
/home/liqingqiao/esp/ESP8266_RTOS_SDK/components/newlib/newlib/lib/libc_nano.a(lib_a-nano-vfprintf.o)
                              /home/liqingqiao/esp/ESP8266_RTOS_SDK/components/newlib/newlib/lib/libc_nano.a(lib_a-printf.o) (_vfprintf_r)
/home/liqingqiao/esp/ESP8266_RTOS_SDK/components/newlib/newlib/lib/libc_nano.a(lib_a-stdio.o)
                              /home/liqingqiao/esp/ESP8266_RTOS_SDK/components/newlib/newlib/lib/libc_nano.a(lib_a-findfp.o) (__sread)
/home/liqingqiao/esp/ESP8266_RTOS_SDK/components/newlib/newlib/lib/libc_nano.a(lib_a-strchr.o)
[...]
Memory Configuration

Name             Origin             Length             Attributes
dport0_0_seg     0x000000003ff00000 0x0000000000000010
dram0_0_seg      0x000000003ffe8000 0x0000000000018000
iram1_0_seg      0x0000000040100000 0x0000000000008000
irom0_0_seg      0x0000000040210010 0x00000000000efff0
rtc_seg          0x0000000060001200 0x0000000000000200
*default*        0x0000000000000000 0xffffffffffffffff

Linker script and memory map

START GROUP
LOAD /home/liqingqiao/esp/ESP8266_RTOS_SDK/examples/get-started/project_template/build/cjson/libcjson.a
LOAD /home/liqingqiao/esp/ESP8266_RTOS_SDK/examples/get-started/project_template/build/components/libcomponents.a
LOAD /home/liqingqiao/esp/ESP8266_RTOS_SDK/examples/get-started/project_template/build/esp8266/libesp8266.a
LOAD /home/liqingqiao/esp/ESP8266_RTOS_SDK/components/esp8266/lib/libairkiss.a
LOAD /home/liqingqiao/esp/ESP8266_RTOS_SDK/components/esp8266/lib/libcrypto.a
LOAD /home/liqingqiao/esp/ESP8266_RTOS_SDK/components/esp8266/lib/libespnow.a
LOAD /home/liqingqiao/esp/ESP8266_RTOS_SDK/components/esp8266/lib/libgcc.a
LOAD /home/liqingqiao/esp/ESP8266_RTOS_SDK/components/esp8266/lib/libhal.a
LOAD /home/liqingqiao/esp/ESP8266_RTOS_SDK/components/esp8266/lib/libcore.a
LOAD /home/liqingqiao/esp/ESP8266_RTOS_SDK/components/esp8266/lib/libnet80211.a
LOAD /home/liqingqiao/esp/ESP8266_RTOS_SDK/components/esp8266/lib/libphy.a
LOAD /home/liqingqiao/esp/ESP8266_RTOS_SDK/components/esp8266/lib/libpp.a
LOAD /home/liqingqiao/esp/ESP8266_RTOS_SDK/components/esp8266/lib/libpwm.a
LOAD /home/liqingqiao/esp/ESP8266_RTOS_SDK/components/esp8266/lib/libsmartconfig.a
LOAD /home/liqingqiao/esp/ESP8266_RTOS_SDK/components/esp8266/lib/libssc.a
LOAD /home/liqingqiao/esp/ESP8266_RTOS_SDK/components/esp8266/lib/libwpa.a
LOAD /home/liqingqiao/esp/ESP8266_RTOS_SDK/components/esp8266/lib/libwps.a
LOAD /home/liqingqiao/esp/ESP8266_RTOS_SDK/examples/get-started/project_template/build/espos/libespos.a
LOAD /home/liqingqiao/esp/ESP8266_RTOS_SDK/examples/get-started/project_template/build/freertos/libfreertos.a
LOAD /home/liqingqiao/esp/ESP8266_RTOS_SDK/examples/get-started/project_template/build/log/liblog.a
LOAD /home/liqingqiao/esp/ESP8266_RTOS_SDK/examples/get-started/project_template/build/lwip/liblwip.a
LOAD /home/liqingqiao/esp/ESP8266_RTOS_SDK/examples/get-started/project_template/build/main/libmain.a
LOAD /home/liqingqiao/esp/ESP8266_RTOS_SDK/examples/get-started/project_template/build/mqtt/libmqtt.a
LOAD /home/liqingqiao/esp/ESP8266_RTOS_SDK/components/newlib/newlib/lib/libc_nano.a
LOAD /home/liqingqiao/esp/ESP8266_RTOS_SDK/components/newlib/newlib/lib/libm.a
LOAD /home/liqingqiao/esp/ESP8266_RTOS_SDK/examples/get-started/project_template/build/newlib/libnewlib.a
LOAD /home/liqingqiao/esp/ESP8266_RTOS_SDK/examples/get-started/project_template/build/nvs_flash/libnvs_flash.a
LOAD /home/liqingqiao/esp/ESP8266_RTOS_SDK/examples/get-started/project_template/build/spi_flash/libspi_flash.a
LOAD /home/liqingqiao/esp/ESP8266_RTOS_SDK/examples/get-started/project_template/build/spiffs/libspiffs.a
LOAD /home/liqingqiao/esp/ESP8266_RTOS_SDK/examples/get-started/project_template/build/ssl/libssl.a
LOAD /home/liqingqiao/esp/ESP8266_RTOS_SDK/examples/get-started/project_template/build/tcpip_adapter/libtcpip_adapter.a
LOAD /home/liqingqiao/esp/ESP8266_RTOS_SDK/examples/get-started/project_template/build/util/libutil.a
LOAD /home/liqingqiao/esp/ESP8266_RTOS_SDK/components/esp8266/lib/libgcc.a
LOAD /opt/xtensa-lx106-elf/bin/../lib/gcc/xtensa-lx106-elf/4.8.2/../../../../xtensa-lx106-elf/lib/libstdc++.a
LOAD /opt/xtensa-lx106-elf/bin/../lib/gcc/xtensa-lx106-elf/4.8.2/libgcov.a
END GROUP
                0x0000000040000000                PROVIDE (_memmap_vecbase_reset, 0x40000000)
                0x0000000000000110                _memmap_cacheattr_wb_base = 0x110
                0x0000000000000110                _memmap_cacheattr_wt_base = 0x110
                0x0000000000000220                _memmap_cacheattr_bp_base = 0x220
                0x00000000fffff00f                _memmap_cacheattr_unused_mask = 0xfffff00f
                0x000000002222211f                _memmap_cacheattr_wb_trapnull = 0x2222211f
                0x000000002222211f                _memmap_cacheattr_wba_trapnull = 0x2222211f
                0x000000002222211f                _memmap_cacheattr_wbna_trapnull = 0x2222211f
                0x000000002222211f                _memmap_cacheattr_wt_trapnull = 0x2222211f
                0x000000002222222f                _memmap_cacheattr_bp_trapnull = 0x2222222f
                0x00000000fffff11f                _memmap_cacheattr_wb_strict = 0xfffff11f
                0x00000000fffff11f                _memmap_cacheattr_wt_strict = 0xfffff11f
                0x00000000fffff22f                _memmap_cacheattr_bp_strict = 0xfffff22f
                0x0000000022222112                _memmap_cacheattr_wb_allvalid = 0x22222112
                0x0000000022222112                _memmap_cacheattr_wt_allvalid = 0x22222112
                0x0000000022222222                _memmap_cacheattr_bp_allvalid = 0x22222222
                0x000000002222211f                PROVIDE (_memmap_cacheattr_reset, _memmap_cacheattr_wb_trapnull)

.dport0.rodata  0x000000003ff00000        0x0
                0x000000003ff00000                _dport0_rodata_start = ABSOLUTE (.)
 *(.dport0.rodata)
 *(.dport.rodata)
                0x000000003ff00000                _dport0_rodata_end = ABSOLUTE (.)

.dport0.literal
                0x000000003ff00000        0x0
                0x000000003ff00000                _dport0_literal_start = ABSOLUTE (.)
 *(.dport0.literal)
 *(.dport.literal)
                0x000000003ff00000                _dport0_literal_end = ABSOLUTE (.)

.dport0.data    0x000000003ff00000        0x0
                0x000000003ff00000                _dport0_data_start = ABSOLUTE (.)
 *(.dport0.data)
 *(.dport.data)
                0x000000003ff00000                _dport0_data_end = ABSOLUTE (.)

.rtc.data       0x0000000060001200        0x0
                0x0000000060001200                _rtc_data_start = ABSOLUTE (.)
 *(.rtc.data)
 *(.rtc.rodata)
                0x0000000060001200                _rtc_data_end = ABSOLUTE (.)

.text           0x0000000040100000     0x6da8
                0x0000000040100000                _stext = .
                0x0000000040100000                _text_start = ABSOLUTE (.)
 *(.UserEnter.text)
 .UserEnter.text
                0x0000000040100000        0xd /home/liqingqiao/esp/ESP8266_RTOS_SDK/examples/get-started/project_template/build/freertos/libfreertos.a(xtensa_vectors.o)
                0x0000000040100004                call_user_start
                0x0000000040100010                . = ALIGN (0x10)
 *fill*         0x000000004010000d        0x3 
 *(.DebugExceptionVector.text)
 .DebugExceptionVector.text
                0x0000000040100010        0x9 /home/liqingqiao/esp/ESP8266_RTOS_SDK/examples/get-started/project_template/build/freertos/libfreertos.a(xtensa_vectors.o)
                0x0000000040100010                _DebugExceptionVector
                0x0000000040100020                . = ALIGN (0x10)
 *fill*         0x0000000040100019        0x7 
 *(.NMIExceptionVector.text)
 .NMIExceptionVector.text
                0x0000000040100020        0x9 /home/liqingqiao/esp/ESP8266_RTOS_SDK/examples/get-started/project_template/build/freertos/libfreertos.a(xtensa_vectors.o)
                0x0000000040100020                _NMIExceptionVector
                0x0000000040100030                . = ALIGN (0x10)
 *fill*         0x0000000040100029        0x7 
 *(.KernelExceptionVector.text)
 .KernelExceptionVector.text
                0x0000000040100030        0x6 /home/liqingqiao/esp/ESP8266_RTOS_SDK/examples/get-started/project_template/build/freertos/libfreertos.a(xtensa_vectors.o)
                0x0000000040100030                _KernelExceptionVector
                0x0000000040100036        0x4 LONG 0x0
                0x000000004010003a        0x4 LONG 0x0
                0x000000004010003e        0x4 LONG 0x0
                0x0000000040100042        0x4 LONG 0x0
                0x0000000040100050                . = ALIGN (0x10)
 *fill*         0x0000000040100046        0xa 
 *(.UserExceptionVector.text)
 .UserExceptionVector.text
                0x0000000040100050        0x9 /home/liqingqiao/esp/ESP8266_RTOS_SDK/examples/get-started/project_template/build/freertos/libfreertos.a(xtensa_vectors.o)
                0x0000000040100050                _UserExceptionVector
                0x0000000040100059        0x4 LONG 0x0
                0x000000004010005d        0x4 LONG 0x0
                0x0000000040100061        0x4 LONG 0x0
                0x0000000040100065        0x4 LONG 0x0
                0x0000000040100070                . = ALIGN (0x10)
 *fill*         0x0000000040100069        0x7 
 *(.DoubleExceptionVector.text)
 .DoubleExceptionVector.text
                0x0000000040100070        0xf /home/liqingqiao/esp/ESP8266_RTOS_SDK/examples/get-started/project_template/build/freertos/libfreertos.a(xtensa_vectors.o)
                0x0000000040100070                _DoubleExceptionVector
                0x000000004010007f        0x4 LONG 0x0
                0x0000000040100083        0x4 LONG 0x0
                0x0000000040100087        0x4 LONG 0x0
                0x000000004010008b        0x4 LONG 0x0
                0x0000000040100090                . = ALIGN (0x10)
 *fill*         0x000000004010008f        0x1 
 *(.entry.text)
 *(.init.literal)
 *(.init)
 *(.iram1 .iram1.*)
 .iram1.literal
                0x0000000040100090       0x1c /home/liqingqiao/esp/ESP8266_RTOS_SDK/examples/get-started/project_template/build/freertos/libfreertos.a(panic.o)
                                         0x28 (size before relaxing)
 .iram1.literal
                0x00000000401000ac       0x30 /home/liqingqiao/esp/ESP8266_RTOS_SDK/examples/get-started/project_template/build/freertos/libfreertos.a(port.o)
                                         0xa4 (size before relaxing)
 .iram1.literal
                0x00000000401000dc       0x1c /home/liqingqiao/esp/ESP8266_RTOS_SDK/examples/get-started/project_template/build/freertos/libfreertos.a(tasks.o)
 .iram1.literal
                0x00000000401000f8       0xd4 /home/liqingqiao/esp/ESP8266_RTOS_SDK/examples/get-started/project_template/build/spi_flash/libspi_flash.a(spi_flash.o)
                                        0x1b8 (size before relaxing)
 .iram1.literal
                0x00000000401001cc       0x14 /home/liqingqiao/esp/ESP8266_RTOS_SDK/examples/get-started/project_template/build/esp8266/libesp8266.a(ets_printf.o)
 .literal.spi_flash_enable_qmode
                0x00000000401001e0        0x4 /home/liqingqiao/esp/ESP8266_RTOS_SDK/examples/get-started/project_template/build/spi_flash/libspi_flash.a(spi_flash.o)
                                         0x14 (size before relaxing)
 .literal.special_flash_read_status
                0x00000000401001e4        0x0 /home/liqingqiao/esp/ESP8266_RTOS_SDK/examples/get-started/project_template/build/spi_flash/libspi_flash.a(spi_flash.o)
                                          0x4 (size before relaxing)
 .literal.special_flash_write_status
                0x00000000401001e4        0x0 /home/liqingqiao/esp/ESP8266_RTOS_SDK/examples/get-started/project_template/build/spi_flash/libspi_flash.a(spi_flash.o)
                                          0x8 (size before relaxing)
 .literal.spi_flash_enable_qio_bit6
                0x00000000401001e4        0x0 /home/liqingqiao/esp/ESP8266_RTOS_SDK/examples/get-started/project_template/build/spi_flash/libspi_flash.a(spi_flash.o)
                                          0x4 (size before relaxing)
 .literal.spi_flash_issi_enable_QIO_mode
                0x00000000401001e4        0x0 /home/liqingqiao/esp/ESP8266_RTOS_SDK/examples/get-started/project_template/build/spi_flash/libspi_flash.a(spi_flash.o)
                                          0xc (size before relaxing)
 .literal.flash_gd25q32c_write_status
                0x00000000401001e4        0x0 /home/liqingqiao/esp/ESP8266_RTOS_SDK/examples/get-started/project_template/build/spi_flash/libspi_flash.a(spi_flash.o)
                                          0x4 (size before relaxing)
 .literal.flash_gd25q32c_enable_QIO_mode
                0x00000000401001e4        0x0 /home/liqingqiao/esp/ESP8266_RTOS_SDK/examples/get-started/project_template/build/spi_flash/libspi_flash.a(spi_flash.o)
                                          0xc (size before relaxing)
 .literal.special_flash_set_mode
                0x00000000401001e4        0x0 /home/liqingqiao/esp/ESP8266_RTOS_SDK/examples/get-started/project_template/build/spi_flash/libspi_flash.a(spi_flash.o)
                                          0x8 (size before relaxing)
 .literal.en25q16x_write_volatile_status
                0x00000000401001e4        0x0 /home/liqingqiao/esp/ESP8266_RTOS_SDK/examples/get-started/project_template/build/spi_flash/libspi_flash.a(spi_flash.o)
                                         0x14 (size before relaxing)
 .literal.en25q16x_read_sfdp
                0x00000000401001e4        0x4 /home/liqingqiao/esp/ESP8266_RTOS_SDK/examples/get-started/project_template/build/spi_flash/libspi_flash.a(spi_flash.o)
                                          0x8 (size before relaxing)
 .literal.spi_flash_check_wr_protect
                0x00000000401001e8       0x14 /home/liqingqiao/esp/ESP8266_RTOS_SDK/examples/get-started/project_template/build/spi_flash/libspi_flash.a(spi_flash.o)
                                         0x4c (size before relaxing)
 .literal.user_spi_flash_dio_to_qio_pre_init
                0x00000000401001fc        0x8 /home/liqingqiao/esp/ESP8266_RTOS_SDK/examples/get-started/project_template/build/spi_flash/libspi_flash.a(spi_flash.o)
                                         0x38 (size before relaxing)
 .literal       0x0000000040100204       0x4c /home/liqingqiao/esp/ESP8266_RTOS_SDK/examples/get-started/project_template/build/freertos/libfreertos.a(xtensa_vectors.o)
                                         0x64 (size before relaxing)
 .literal       0x0000000040100250        0x8 /home/liqingqiao/esp/ESP8266_RTOS_SDK/examples/get-started/project_template/build/freertos/libfreertos.a(os_cpu_a.o)
                                         0x28 (size before relaxing)
 .literal       0x0000000040100258        0x8 /home/liqingqiao/esp/ESP8266_RTOS_SDK/components/esp8266/lib/libgcc.a(_mulsf3.o)
                                         0x10 (size before relaxing)
 .literal       0x0000000040100260        0x0 /home/liqingqiao/esp/ESP8266_RTOS_SDK/components/esp8266/lib/libgcc.a(_divsf3.o)
                                         0x10 (size before relaxing)
 .literal       0x0000000040100260        0x0 /home/liqingqiao/esp/ESP8266_RTOS_SDK/components/esp8266/lib/libgcc.a(_fixsfsi.o)
                                          0x4 (size before relaxing)
 .iram1         0x0000000040100260       0x89 /home/liqingqiao/esp/ESP8266_RTOS_SDK/examples/get-started/project_template/build/freertos/libfreertos.a(panic.o)
                                         0x8c (size before relaxing)
                0x0000000040100260                panicHandler
 *fill*         0x00000000401002e9        0x3 
 .iram1         0x00000000401002ec      0x2b7 /home/liqingqiao/esp/ESP8266_RTOS_SDK/examples/get-started/project_template/build/freertos/libfreertos.a(port.o)
                                        0x2c3 (size before relaxing)
                0x00000000401002ec                SoftIsrHdl
                0x000000004010035c                xPortSysTickHandle
                0x0000000040100374                vPortEnterCritical
                0x00000000401003a0                vPortExitCritical
                0x00000000401003fc                PendSV
                0x000000004010043c                HDL_MAC_SIG_IN_LV1_ISR
                0x0000000040100450                vPortETSIntrLock
                0x000000004010048c                vPortETSIntrUnlock
                0x00000000401004b0                PortDisableInt_NoNest
                0x00000000401004d4                PortEnableInt_NoNest
                0x00000000401004f8                _xt_isr_handler
                0x0000000040100584                __taskEXIT_CRITICAL
                0x0000000040100594                __taskENTER_CRITICAL
 *fill*         0x00000000401005a3        0x1 
 .iram1         0x00000000401005a4       0xb5 /home/liqingqiao/esp/ESP8266_RTOS_SDK/examples/get-started/project_template/build/freertos/libfreertos.a(tasks.o)
                0x00000000401005a4                vTaskSwitchContext
 *fill*         0x0000000040100659        0x3 
 .iram1         0x000000004010065c      0x9c1 /home/liqingqiao/esp/ESP8266_RTOS_SDK/examples/get-started/project_template/build/spi_flash/libspi_flash.a(spi_flash.o)
                                        0x9d1 (size before relaxing)
                0x0000000040100944                SPIRead
                0x0000000040100970                spi_flash_read
                0x00000000401009d4                spi_user_cmd
                0x0000000040100e34                spi_flash_erase_sector
                0x0000000040100eac                spi_flash_write
                0x0000000040100f7c                spi_flash_erase_range
 *fill*         0x000000004010101d        0x3 
 .iram1         0x0000000040101020       0x6f /home/liqingqiao/esp/ESP8266_RTOS_SDK/examples/get-started/project_template/build/esp8266/libesp8266.a(ets_printf.o)
                0x0000000040101020                ets_putc
                0x0000000040101044                ets_vprintf
                0x0000000040101068                ets_printf
 *fill*         0x000000004010108f        0x0 
 *fill*         0x000000004010108f        0x0 
 *fill*         0x000000004010108f        0x0 
 *libspi_flash.a:spi_flash.o(.literal .text .literal.* .text.*)
 *fill*         0x000000004010108f        0x1 
 .text.spi_flash_enable_qmode
                0x0000000040101090       0x33 /home/liqingqiao/esp/ESP8266_RTOS_SDK/examples/get-started/project_template/build/spi_flash/libspi_flash.a(spi_flash.o)
                                         0x3b (size before relaxing)
                0x0000000040101090                spi_flash_enable_qmode
 *fill*         0x00000000401010c3        0x1 
 .text.special_flash_read_status
                0x00000000401010c4       0x39 /home/liqingqiao/esp/ESP8266_RTOS_SDK/examples/get-started/project_template/build/spi_flash/libspi_flash.a(spi_flash.o)
                0x00000000401010c4                special_flash_read_status
 *fill*         0x00000000401010fd        0x3 
 .text.special_flash_write_status
                0x0000000040101100       0x5d /home/liqingqiao/esp/ESP8266_RTOS_SDK/examples/get-started/project_template/build/spi_flash/libspi_flash.a(spi_flash.o)
                0x0000000040101100                special_flash_write_status
 *fill*         0x000000004010115d        0x3 
 .text.spi_flash_enable_qio_bit6
                0x0000000040101160       0x17 /home/liqingqiao/esp/ESP8266_RTOS_SDK/examples/get-started/project_template/build/spi_flash/libspi_flash.a(spi_flash.o)
                                         0x1b (size before relaxing)
 *fill*         0x0000000040101177        0x1 
 .text.spi_flash_issi_enable_QIO_mode
                0x0000000040101178       0x42 /home/liqingqiao/esp/ESP8266_RTOS_SDK/examples/get-started/project_template/build/spi_flash/libspi_flash.a(spi_flash.o)
                                         0x4a (size before relaxing)
 *fill*         0x00000000401011ba        0x2 
 .text.flash_gd25q32c_write_status
                0x00000000401011bc       0x2f /home/liqingqiao/esp/ESP8266_RTOS_SDK/examples/get-started/project_template/build/spi_flash/libspi_flash.a(spi_flash.o)
 *fill*         0x00000000401011eb        0x1 
 .text.flash_gd25q32c_enable_QIO_mode
                0x00000000401011ec       0x39 /home/liqingqiao/esp/ESP8266_RTOS_SDK/examples/get-started/project_template/build/spi_flash/libspi_flash.a(spi_flash.o)
                                         0x41 (size before relaxing)
 *fill*         0x0000000040101225        0x3 
 .text.special_flash_set_mode
                0x0000000040101228       0x41 /home/liqingqiao/esp/ESP8266_RTOS_SDK/examples/get-started/project_template/build/spi_flash/libspi_flash.a(spi_flash.o)
                                         0x45 (size before relaxing)
                0x0000000040101228                special_flash_set_mode
 *fill*         0x0000000040101269        0x3 
 .text.en25q16x_write_volatile_status
                0x000000004010126c       0x51 /home/liqingqiao/esp/ESP8266_RTOS_SDK/examples/get-started/project_template/build/spi_flash/libspi_flash.a(spi_flash.o)
                                         0x5d (size before relaxing)
                0x000000004010126c                en25q16x_write_volatile_status
 *fill*         0x00000000401012bd        0x3 
 .text.en25q16x_read_sfdp
                0x00000000401012c0       0x43 /home/liqingqiao/esp/ESP8266_RTOS_SDK/examples/get-started/project_template/build/spi_flash/libspi_flash.a(spi_flash.o)
                0x00000000401012c0                en25q16x_read_sfdp
 *fill*         0x0000000040101303        0x1 
 .text.spi_flash_check_wr_protect
                0x0000000040101304      0x13d /home/liqingqiao/esp/ESP8266_RTOS_SDK/examples/get-started/project_template/build/spi_flash/libspi_flash.a(spi_flash.o)
                                        0x161 (size before relaxing)
 *fill*         0x0000000040101441        0x3 
 .text.user_spi_flash_dio_to_qio_pre_init
                0x0000000040101444       0xe5 /home/liqingqiao/esp/ESP8266_RTOS_SDK/examples/get-started/project_template/build/spi_flash/libspi_flash.a(spi_flash.o)
                                         0xf1 (size before relaxing)
                0x0000000040101444                user_spi_flash_dio_to_qio_pre_init
 *fill*         0x0000000040101529        0x0 
 *fill*         0x0000000040101529        0x0 
 *fill*         0x0000000040101529        0x0 
 *fill*         0x0000000040101529        0x0 
 *fill*         0x0000000040101529        0x0 
 *fill*         0x0000000040101529        0x0 
 *fill*         0x0000000040101529        0x0 
 *fill*         0x0000000040101529        0x0 
 *fill*         0x0000000040101529        0x0 
 *fill*         0x0000000040101529        0x0 
 *fill*         0x0000000040101529        0x0 
 *fill*         0x0000000040101529        0x0 
 *(.literal .text .stub .gnu.warning .gnu.linkonce.literal.* .gnu.linkonce.t.*.literal .gnu.linkonce.t.*)
 *fill*         0x0000000040101529        0x3 
 .text          0x000000004010152c      0x468 /home/liqingqiao/esp/ESP8266_RTOS_SDK/examples/get-started/project_template/build/freertos/libfreertos.a(xtensa_vectors.o)
                0x0000000040101820                _xt_user_exit
                0x000000004010195c                _xt_ext_panic
 .text          0x0000000040101994      0x173 /home/liqingqiao/esp/ESP8266_RTOS_SDK/examples/get-started/project_template/build/freertos/libfreertos.a(os_cpu_a.o)
                                        0x17b (size before relaxing)
                0x0000000040101994                vPortYield
                0x00000000401019c4                _xt_int_enter
                0x00000000401019dc                _xt_int_exit
                0x0000000040101a04                _xt_timer_int
                0x0000000040101a38                _xt_timer_int1
                0x0000000040101a50                _xt_tick_timer_init
                0x0000000040101a74                _xt_update_xt_ccompare
                0x0000000040101a90                _xt_set_xt_ccompare_val
                0x0000000040101aa8                _xt_isr_unmask
                0x0000000040101ac8                _xt_isr_mask
                0x0000000040101ae8                _xt_read_ints
                0x0000000040101af8                _xt_clear_ints
 *fill*         0x0000000040101b07        0x1 
 .text          0x0000000040101b08      0x329 /home/liqingqiao/esp/ESP8266_RTOS_SDK/components/esp8266/lib/libcore.a(user_interface.o)
                                        0x381 (size before relaxing)
                0x0000000040101b0c                wifi_set_user_rate_limit
                0x0000000040101b70                system_rtc_mem_write
                0x0000000040101bf8                system_deep_sleep_local2
                0x0000000040101c6c                system_rtc_mem_read
                0x0000000040101d18                system_restart_in_nmi
 *fill*         0x0000000040101e31        0x3 
 .text          0x0000000040101e34       0x6b /home/liqingqiao/esp/ESP8266_RTOS_SDK/components/esp8266/lib/libcore.a(routines.o)
                                         0x7b (size before relaxing)
                0x0000000040101e34                _Znwj
                0x0000000040101e4c                _Znaj
                0x0000000040101e64                _ZdlPv
                0x0000000040101e7c                _ZdaPv
                0x0000000040101e94                abort
                0x0000000040101e98                __cxa_pure_virtual
                0x0000000040101e9c                __cxa_deleted_virtual
 *fill*         0x0000000040101e9f        0x1 
 .text          0x0000000040101ea0      0x38c /home/liqingqiao/esp/ESP8266_RTOS_SDK/components/esp8266/lib/libcore.a(app_main.o)
                                        0x3fc (size before relaxing)
                0x0000000040101ea8                Cache_Read_Enable_New
                0x0000000040101f9c                user_fatal_exception_handler
                0x0000000040102058                do_global_ctors
                0x00000000401020c0                user_start
 .text          0x000000004010222c       0x68 /home/liqingqiao/esp/ESP8266_RTOS_SDK/components/esp8266/lib/libnet80211.a(ieee80211_hostap.o)
 .text          0x0000000040102294       0xe7 /home/liqingqiao/esp/ESP8266_RTOS_SDK/components/esp8266/lib/libnet80211.a(ieee80211_regdomain.o)
                                         0xeb (size before relaxing)
                0x000000004010229c                ieee80211_regdomain_get_country
                0x00000000401022c8                ieee80211_regdomain_max_chan
                0x00000000401022e4                ieee80211_regdomain_min_chan
                0x00000000401022f8                ieee80211_regdomain_chan_in_range
                0x000000004010232c                ieee80211_regdomain_is_active_scan
 *fill*         0x000000004010237b        0x1 
 .text          0x000000004010237c       0x18 /home/liqingqiao/esp/ESP8266_RTOS_SDK/components/esp8266/lib/libnet80211.a(ieee80211_scan.o)
                                         0x1c (size before relaxing)
                0x0000000040102380                scan_set_act_duration
                0x000000004010238c                scan_set_pas_duration
 .text          0x0000000040102394        0xc /home/liqingqiao/esp/ESP8266_RTOS_SDK/components/esp8266/lib/libnet80211.a(wl_chm.o)
                0x0000000040102398                chm_get_current_channel
 .text          0x00000000401023a0       0x53 /home/liqingqiao/esp/ESP8266_RTOS_SDK/components/esp8266/lib/libphy.a(phy.o)
                                         0x5f (size before relaxing)
                0x00000000401023a8                register_phy_ops
                0x00000000401023c8                register_get_phy_addr
                0x00000000401023d0                phy_change_channel
                0x00000000401023e8                phy_get_mactime
 *fill*         0x00000000401023f3        0x1 
 .text          0x00000000401023f4      0x262 /home/liqingqiao/esp/ESP8266_RTOS_SDK/components/esp8266/lib/libphy.a(phy_chip_v6_ana.o)
                                        0x276 (size before relaxing)
                0x0000000040102414                phy_adc_read_fast
 *fill*         0x0000000040102656        0x2 
 .text          0x0000000040102658      0x26f /home/liqingqiao/esp/ESP8266_RTOS_SDK/components/esp8266/lib/libphy.a(phy_chip_v6_cal.o)
                                        0x27f (size before relaxing)
                0x0000000040102664                tx_pwr_backoff_old
                0x00000000401027b4                unsign_to_sign
                0x00000000401027f0                phy_get_bb_freqoffset
                0x0000000040102868                phy_get_bb_evm
 *fill*         0x00000000401028c7        0x1 
 .text          0x00000000401028c8      0x24f /home/liqingqiao/esp/ESP8266_RTOS_SDK/components/esp8266/lib/libphy.a(phy_sleep.o)
                                        0x287 (size before relaxing)
                0x00000000401028c8                pm_rtc_clock_cali
                0x000000004010299c                pm_goto_sleep
                0x0000000040102aec                clockgate_watchdog
 *fill*         0x0000000040102b17        0x1 
 .text          0x0000000040102b18       0x6f /home/liqingqiao/esp/ESP8266_RTOS_SDK/components/esp8266/lib/libpp.a(ap_socket.o)
                0x0000000040102b68                esp_upload_ap0_event
 *fill*         0x0000000040102b87        0x1 
 .text          0x0000000040102b88       0x77 /home/liqingqiao/esp/ESP8266_RTOS_SDK/components/esp8266/lib/libpp.a(esf_buf.o)
                                         0x97 (size before relaxing)
                0x0000000040102b90                esf_rx_buf_alloc
 *fill*         0x0000000040102bff        0x1 
 .text          0x0000000040102c00     0x1645 /home/liqingqiao/esp/ESP8266_RTOS_SDK/components/esp8266/lib/libpp.a(lmac.o)
                                       0x1951 (size before relaxing)
                0x0000000040103144                lmacIsActive
                0x0000000040103158                lmacIsIdle
                0x0000000040103170                lmacSetAcParam
                0x0000000040103208                GetAccess
                0x0000000040103218                lmacDiscardAgedMSDU
                0x00000000401032c8                lmacRecycleMPDU
                0x0000000040103300                lmacProcessTxTimeout
                0x0000000040103490                lmacProcessAllTxTimeout
                0x00000000401034a4                lmacMSDUAged
                0x00000000401034cc                lmacProcessRtsStart
                0x00000000401034e4                lmacTxFrame
                0x0000000040103adc                lmacProcessTxSuccess
                0x0000000040103d1c                lmacProcessCtsTimeout
                0x0000000040103d58                lmacProcessTxRtsError
                0x0000000040103f20                lmacProcessCollision
                0x0000000040103f94                lmacProcessCollisions
                0x0000000040103ff8                lmacProcessTXStartData
                0x0000000040104170                lmacProcessAckTimeout
                0x00000000401041bc                lmacProcessTxError
                0x000000004010422c                lmacRxDone
 *fill*         0x0000000040104245        0x3 
 .text          0x0000000040104248      0xb4c /home/liqingqiao/esp/ESP8266_RTOS_SDK/components/esp8266/lib/libpp.a(pp.o)
                                        0xcf0 (size before relaxing)
                0x00000000401044d0                ppFetchTxQFirstAvail
                0x000000004010453c                ppDequeueTxQ
                0x000000004010458c                ppRollBackTxQ
                0x00000000401045d0                ppRecordBarRRC
                0x00000000401045e0                ppTxqUpdateBitmap
                0x0000000040104614                ppEnqueueTxDone
                0x0000000040104654                ppEnqueueRxq
                0x000000004010469c                MacIsrSigPostDefHdl
                0x0000000040104748                pp_post
                0x0000000040104a08                ppProcessTxQ
                0x0000000040104c34                ppDiscardMPDU
                0x0000000040104c5c                ppCalTxop
                0x0000000040104d24                ppCalFrameTimes
 .text          0x0000000040104d94       0xfd /home/liqingqiao/esp/ESP8266_RTOS_SDK/components/esp8266/lib/libpp.a(rate_control.o)
                                        0x115 (size before relaxing)
                0x0000000040104d98                RC_GetAckRate
                0x0000000040104da8                RC_GetRtsRate
                0x0000000040104dbc                RC_GetAckTime
                0x0000000040104dd4                RC_GetCtsTime
                0x0000000040104e34                RC_GetBlockAckTime
 *fill*         0x0000000040104e91        0x3 
 .text          0x0000000040104e94       0x63 /home/liqingqiao/esp/ESP8266_RTOS_SDK/components/esp8266/lib/libpp.a(sta_socket.o)
                                         0x6f (size before relaxing)
                0x0000000040104ed8                esp_upload_sta0_event
 *fill*         0x0000000040104ef7        0x1 
 .text          0x0000000040104ef8      0x856 /home/liqingqiao/esp/ESP8266_RTOS_SDK/components/esp8266/lib/libpp.a(trc.o)
                                        0x89e (size before relaxing)
                0x0000000040105200                rcUpdateTxDone
                0x00000000401052a0                rcUpdateRxDone
                0x00000000401052fc                rcUpdateDataRxDone
                0x0000000040105328                rcGetSched
                0x0000000040105618                rcGetRate
                0x00000000401056a4                rcReachRetryLimit
                0x00000000401056c0                trc_NeedRTS
 *fill*         0x000000004010574e        0x2 
 .text          0x0000000040105750     0x12b3 /home/liqingqiao/esp/ESP8266_RTOS_SDK/components/esp8266/lib/libpp.a(wdev.o)
                                       0x1527 (size before relaxing)
                0x00000000401057f8                wDev_MacTimSetFunc
                0x0000000040105828                wDev_MacTimArm
                0x00000000401058d8                wDev_MacTim1Arm
                0x000000004010597c                wDev_EnableTransmit
                0x00000000401059bc                wDev_DisableTransmit
                0x00000000401059e0                Tx_Copy2Queue
                0x0000000040105a3c                wDev_ProcessCollision
                0x0000000040105a64                wDev_GetTxqCollisions
                0x0000000040105a74                wDev_ClearTxqCollisions
                0x0000000040105a94                wDev_SetWaitingQueue
                0x0000000040105ae0                wDev_ClearWaitingQueue
                0x0000000040105b08                wDev_SetFrameAckType
                0x0000000040105b70                wDev_AppendRxBlocks
                0x0000000040105d1c                wDev_AppendRxAmpduLensBlocks
                0x0000000040105ea8                wDev_ProcessFiq
                0x0000000040106954                wDev_Get_KeyEntry
                0x00000000401069d4                wDev_GetBAInfo
 *fill*         0x0000000040106a03        0x1 
 .text          0x0000000040106a04      0x15d /home/liqingqiao/esp/ESP8266_RTOS_SDK/components/esp8266/lib/libgcc.a(_mulsf3.o)
                0x0000000040106a7c                __mulsf3
 *fill*         0x0000000040106b61        0x3 
 .text          0x0000000040106b64      0x135 /home/liqingqiao/esp/ESP8266_RTOS_SDK/components/esp8266/lib/libgcc.a(_divsf3.o)
                0x0000000040106be0                __divsf3
 *fill*         0x0000000040106c99        0x3 
 .text          0x0000000040106c9c       0x40 /home/liqingqiao/esp/ESP8266_RTOS_SDK/components/esp8266/lib/libgcc.a(_fixsfsi.o)
                0x0000000040106c9c                __fixsfsi
 *fill*         0x0000000040106cdc        0x0 
 .text          0x0000000040106cdc       0x3d /home/liqingqiao/esp/ESP8266_RTOS_SDK/examples/get-started/project_template/build/freertos/libfreertos.a(xtensa_context.o)
                0x0000000040106cdc                _xt_context_save
                0x0000000040106cf8                _xt_context_restore
 *fill*         0x0000000040106d19        0x0 
 *fill*         0x0000000040106d19        0x3 
 .text          0x0000000040106d1c        0x5 /home/liqingqiao/esp/ESP8266_RTOS_SDK/components/esp8266/lib/libhal.a(int_asm--set_intset.o)
                0x0000000040106d1c                xthal_set_intset
 *fill*         0x0000000040106d21        0x0 
 *fill*         0x0000000040106d21        0x0 
 *fill*         0x0000000040106d21        0x0 
 *fill*         0x0000000040106d21        0x0 
 *fill*         0x0000000040106d21        0x0 
 *fill*         0x0000000040106d21        0x0 
 *fill*         0x0000000040106d21        0x0 
 *fill*         0x0000000040106d21        0x0 
 *fill*         0x0000000040106d21        0x0 
 *fill*         0x0000000040106d21        0x0 
 *fill*         0x0000000040106d21        0x0 
 *fill*         0x0000000040106d21        0x0 
 *fill*         0x0000000040106d21        0x0 
 *fill*         0x0000000040106d21        0x0 
 *fill*         0x0000000040106d21        0x3 
 .text          0x0000000040106d24       0x49 /home/liqingqiao/esp/ESP8266_RTOS_SDK/components/esp8266/lib/libgcc.a(_modsi3.o)
                0x0000000040106d24                __modsi3
 *fill*         0x0000000040106d6d        0x3 
 .text          0x0000000040106d70       0x18 /home/liqingqiao/esp/ESP8266_RTOS_SDK/components/esp8266/lib/libgcc.a(_ashrdi3.o)
                0x0000000040106d70                __ashrdi3
 *fill*         0x0000000040106d88        0x0 
 *fill*         0x0000000040106d88        0x0 
 .text          0x0000000040106d88       0x20 /home/liqingqiao/esp/ESP8266_RTOS_SDK/components/esp8266/lib/libhal.a(clock.o)
                0x0000000040106d88                xthal_get_ccount
                0x0000000040106d90                xthal_set_ccompare
                0x0000000040106d9c                xthal_get_ccompare
 *(.fini.literal)
 *(.fini)
 *(.gnu.version)
                0x0000000040106da8                _text_end = ABSOLUTE (.)
                0x0000000040106da8                _etext = .

.data           0x000000003ffe8000      0x3e4
                0x000000003ffe8000                _data_start = ABSOLUTE (.)
 *(.data)
 .data          0x000000003ffe8000        0x8 /home/liqingqiao/esp/ESP8266_RTOS_SDK/examples/get-started/project_template/build/freertos/libfreertos.a(xtensa_vectors.o)
                0x000000003ffe8000                _Pri_3_HandlerAddress
                0x000000003ffe8004                _Pri_3_NMICount
 .data          0x000000003ffe8008        0x4 /home/liqingqiao/esp/ESP8266_RTOS_SDK/components/esp8266/lib/libcore.a(misc.o)
 .data          0x000000003ffe800c        0xa /home/liqingqiao/esp/ESP8266_RTOS_SDK/components/esp8266/lib/libcore.a(user_interface.o)
                0x000000003ffe800c                stop_netif_flag
                0x000000003ffe800e                reconnect_internal
                0x000000003ffe8010                bin_sum_len
                0x000000003ffe8014                dhcpc_flag
                0x000000003ffe8015                dhcps_flag
 *fill*         0x000000003ffe8016        0x2 
 .data          0x000000003ffe8018        0x2 /home/liqingqiao/esp/ESP8266_RTOS_SDK/components/esp8266/lib/libcore.a(app_main.o)
                0x000000003ffe8019                init_hw_wdt
 .data          0x000000003ffe801a        0x1 /home/liqingqiao/esp/ESP8266_RTOS_SDK/components/esp8266/lib/libnet80211.a(ieee80211_hostap.o)
                0x000000003ffe801a                TmpSTAAPCloseAP
 .data          0x000000003ffe801b        0x1 /home/liqingqiao/esp/ESP8266_RTOS_SDK/components/esp8266/lib/libnet80211.a(ieee80211_scan.o)
                0x000000003ffe801b                TestStaFreqCalValOK
 .data          0x000000003ffe801c        0x1 /home/liqingqiao/esp/ESP8266_RTOS_SDK/components/esp8266/lib/libnet80211.a(wl_cnx.o)
 *fill*         0x000000003ffe801d        0x3 
 .data          0x000000003ffe8020       0x1c /home/liqingqiao/esp/ESP8266_RTOS_SDK/components/esp8266/lib/libnet80211.a(ieee80211_action.o)
 *fill*         0x000000003ffe803c        0x4 
 .data          0x000000003ffe8040       0x53 /home/liqingqiao/esp/ESP8266_RTOS_SDK/components/esp8266/lib/libphy.a(phy_chip_v6.o)
                0x000000003ffe8042                tx_rf_ana_gain
                0x000000003ffe8070                rx_gain_swp
                0x000000003ffe8090                test_rffreq_txcap
 *fill*         0x000000003ffe8093        0x1 
 .data          0x000000003ffe8094        0x1 /home/liqingqiao/esp/ESP8266_RTOS_SDK/components/esp8266/lib/libphy.a(phy_chip_v6_cal.o)
                0x000000003ffe8094                rfcal_bb_atten_init
 *fill*         0x000000003ffe8095        0x3 
 .data          0x000000003ffe8098        0x4 /home/liqingqiao/esp/ESP8266_RTOS_SDK/components/esp8266/lib/libphy.a(phy_sleep.o)
                0x000000003ffe8098                chip_version
 .data          0x000000003ffe809c        0x4 /home/liqingqiao/esp/ESP8266_RTOS_SDK/components/esp8266/lib/libphy.a(phy_chip_v5_romfunc.o)
                0x000000003ffe809c                g_phyFuns
 .data          0x000000003ffe80a0        0x7 /home/liqingqiao/esp/ESP8266_RTOS_SDK/components/esp8266/lib/libphy.a(phy_chip_v5_cal_romfunc.o)
 .data          0x000000003ffe80a7        0x1 /home/liqingqiao/esp/ESP8266_RTOS_SDK/components/esp8266/lib/libpp.a(pm.o)
 .data          0x000000003ffe80a8        0x1 /home/liqingqiao/esp/ESP8266_RTOS_SDK/components/esp8266/lib/libpp.a(pm_for_bcn_only_mode.o)
 *fill*         0x000000003ffe80a9        0x3 
 .data          0x000000003ffe80ac        0xd /home/liqingqiao/esp/ESP8266_RTOS_SDK/components/esp8266/lib/libpp.a(pp.o)
                0x000000003ffe80ac                CanDoFreqCal
                0x000000003ffe80ad                test_freq_val_first
                0x000000003ffe80ae                sleep_start_wait_time
                0x000000003ffe80b0                NoiseTimerInterval
 *fill*         0x000000003ffe80b9        0x3 
 .data          0x000000003ffe80bc      0x230 /home/liqingqiao/esp/ESP8266_RTOS_SDK/components/esp8266/lib/libpp.a(trc.o)
 .data          0x000000003ffe82ec        0x8 /home/liqingqiao/esp/ESP8266_RTOS_SDK/components/esp8266/lib/libpp.a(wdev.o)
                0x000000003ffe82f0                WDEV_INTEREST_EVENT
 *(.data.*)
 .data.flashchip
                0x000000003ffe82f4       0x18 /home/liqingqiao/esp/ESP8266_RTOS_SDK/examples/get-started/project_template/build/spi_flash/libspi_flash.a(spi_flash.o)
                0x000000003ffe82f4                flashchip
 .data.s_wifi_osi_funcs
                0x000000003ffe830c       0xb0 /home/liqingqiao/esp/ESP8266_RTOS_SDK/examples/get-started/project_template/build/esp8266/libesp8266.a(esp_wifi_os_adapter.o)
                0x000000003ffe830c                s_wifi_osi_funcs
 .data._global_impure_ptr
                0x000000003ffe83bc        0x4 /home/liqingqiao/esp/ESP8266_RTOS_SDK/examples/get-started/project_template/build/freertos/libfreertos.a(impure.o)
                0x000000003ffe83bc                _global_impure_ptr
 .data.iss$3838
                0x000000003ffe83c0        0x4 /home/liqingqiao/esp/ESP8266_RTOS_SDK/examples/get-started/project_template/build/lwip/liblwip.a(tcp.o)
 .data.udp_port
                0x000000003ffe83c4        0x2 /home/liqingqiao/esp/ESP8266_RTOS_SDK/examples/get-started/project_template/build/lwip/liblwip.a(udp.o)
 *fill*         0x000000003ffe83c6        0x2 
 .data.retrans_timer
                0x000000003ffe83c8        0x4 /home/liqingqiao/esp/ESP8266_RTOS_SDK/examples/get-started/project_template/build/lwip/liblwip.a(nd6.o)
                0x000000003ffe83c8                retrans_timer
 .data.reachable_time
                0x000000003ffe83cc        0x4 /home/liqingqiao/esp/ESP8266_RTOS_SDK/examples/get-started/project_template/build/lwip/liblwip.a(nd6.o)
                0x000000003ffe83cc                reachable_time
 .data.dhcpc_flag
                0x000000003ffe83d0        0x1 /home/liqingqiao/esp/ESP8266_RTOS_SDK/examples/get-started/project_template/build/tcpip_adapter/libtcpip_adapter.a(tcpip_adapter_wifi.o)
 .data.dhcps_flag
                0x000000003ffe83d1        0x1 /home/liqingqiao/esp/ESP8266_RTOS_SDK/examples/get-started/project_template/build/tcpip_adapter/libtcpip_adapter.a(tcpip_adapter_wifi.o)
 *fill*         0x000000003ffe83d2        0x2 
 .data.dhcps_lease_time
                0x000000003ffe83d4        0x4 /home/liqingqiao/esp/ESP8266_RTOS_SDK/examples/get-started/project_template/build/lwip/liblwip.a(dhcpserver.o)
                0x000000003ffe83d4                dhcps_lease_time
 .data.offer    0x000000003ffe83d8        0x1 /home/liqingqiao/esp/ESP8266_RTOS_SDK/examples/get-started/project_template/build/lwip/liblwip.a(dhcpserver.o)
 *(.dram0)
 *fill*         0x000000003ffe83d9        0x3 
 .dram0         0x000000003ffe83dc        0x8 /home/liqingqiao/esp/ESP8266_RTOS_SDK/examples/get-started/project_template/build/freertos/libfreertos.a(port.o)
 *(.gnu.linkonce.d.*)
 *(.data1)
 *(.sdata)
 *(.sdata.*)
 *(.gnu.linkonce.s.*)
 *(.sdata2)
 *(.sdata2.*)
 *(.gnu.linkonce.s2.*)
 *(.jcr)
                0x000000003ffe83e4                _data_end = ABSOLUTE (.)

.rodata         0x000000003ffe83e4       0xd8
                0x000000003ffe83e4                _rodata_start = ABSOLUTE (.)
 *libpp.a:(.rodata.* .rodata)
 .rodata.str1.4
                0x000000003ffe83e4        0x4 /home/liqingqiao/esp/ESP8266_RTOS_SDK/components/esp8266/lib/libpp.a(ap_socket.o)
 .rodata.str1.4
                0x000000003ffe83e8       0x2f /home/liqingqiao/esp/ESP8266_RTOS_SDK/components/esp8266/lib/libpp.a(lmac.o)
 *fill*         0x000000003ffe8417        0x1 
 .rodata.str1.4
                0x000000003ffe8418       0x18 /home/liqingqiao/esp/ESP8266_RTOS_SDK/components/esp8266/lib/libpp.a(pm.o)
                                         0x20 (size before relaxing)
 .rodata.str1.4
                0x000000003ffe8430        0x4 /home/liqingqiao/esp/ESP8266_RTOS_SDK/components/esp8266/lib/libpp.a(pm_for_bcn_only_mode.o)
                                          0xc (size before relaxing)
 .rodata.str1.4
                0x000000003ffe8434        0xc /home/liqingqiao/esp/ESP8266_RTOS_SDK/components/esp8266/lib/libpp.a(pp.o)
                                         0x14 (size before relaxing)
 .rodata        0x000000003ffe8440        0x3 /home/liqingqiao/esp/ESP8266_RTOS_SDK/components/esp8266/lib/libpp.a(pp.o)
 *fill*         0x000000003ffe8443        0x1 
 .rodata        0x000000003ffe8444       0x40 /home/liqingqiao/esp/ESP8266_RTOS_SDK/components/esp8266/lib/libpp.a(rate_control.o)
 .rodata.str1.4
                0x000000003ffe8484        0x5 /home/liqingqiao/esp/ESP8266_RTOS_SDK/components/esp8266/lib/libpp.a(sta_socket.o)
 *fill*         0x000000003ffe8489        0x3 
 .rodata        0x000000003ffe848c       0x18 /home/liqingqiao/esp/ESP8266_RTOS_SDK/components/esp8266/lib/libpp.a(trc.o)
 .rodata.str1.4
                0x000000003ffe84a4       0x10 /home/liqingqiao/esp/ESP8266_RTOS_SDK/components/esp8266/lib/libpp.a(wdev.o)
                                         0x18 (size before relaxing)
 *liblog.a:(.rodata.* .rodata)
 *(.gnu.linkonce.r.*)
 *(.rodata1)
                0x000000003ffe84b4                __XT_EXCEPTION_TABLE__ = ABSOLUTE (.)
 *(.xt_except_table)
 *(.gcc_except_table)
 *(.gnu.linkonce.e.*)
 *(.gnu.version_r)
 *(.eh_frame)
                0x000000003ffe84b4                . = ((. + 0x3) & 0xfffffffffffffffc)
                0x000000003ffe84b4                __init_array_start = ABSOLUTE (.)
 *crtbegin.o(.ctors)
 *(EXCLUDE_FILE(*crtend.o) .ctors)
 *(SORT(.ctors.*))
 *(.ctors)
                0x000000003ffe84b4                __init_array_end = ABSOLUTE (.)
 *crtbegin.o(.dtors)
 *(EXCLUDE_FILE(*crtend.o) .dtors)
 *(SORT(.dtors.*))
 *(.dtors)
                0x000000003ffe84b4                __XT_EXCEPTION_DESCS__ = ABSOLUTE (.)
 *(.xt_except_desc)
 *(.gnu.linkonce.h.*)
                0x000000003ffe84b4                __XT_EXCEPTION_DESCS_END__ = ABSOLUTE (.)
 *(.xt_except_desc_end)
 *(.dynamic)
 *(.gnu.version_d)
                0x000000003ffe84b4                . = ALIGN (0x4)
                0x000000003ffe84b4                _bss_table_start = ABSOLUTE (.)
                0x000000003ffe84b4        0x4 LONG 0x3ffe84c0 _bss_start
                0x000000003ffe84b8        0x4 LONG 0x3ffef1a8 _bss_end
                0x000000003ffe84bc                _bss_table_end = ABSOLUTE (.)
                0x000000003ffe84bc                _rodata_end = ABSOLUTE (.)

.UserExceptionVector.literal
                0x000000003ffe84bc        0x0
                0x000000003ffe84bc                _UserExceptionVector_literal_start = ABSOLUTE (.)
 *(.UserExceptionVector.literal)
                0x000000003ffe84bc                _UserExceptionVector_literal_end = ABSOLUTE (.)

.bss            0x000000003ffe84c0     0x6ce8
                0x000000003ffe84c0                . = ALIGN (0x8)
                0x000000003ffe84c0                _bss_start = ABSOLUTE (.)
 *(.dynsbss)
 *(.sbss)
 *(.sbss.*)
 *(.gnu.linkonce.sb.*)
 *(.scommon)
 *(.sbss2)
 *(.sbss2.*)
 *(.gnu.linkonce.sb2.*)
 *(.dynbss)
 *(.bss)
 .bss           0x000000003ffe84c0      0x438 /home/liqingqiao/esp/ESP8266_RTOS_SDK/examples/get-started/project_template/build/freertos/libfreertos.a(xtensa_vectors.o)
 .bss           0x000000003ffe88f8      0x109 /home/liqingqiao/esp/ESP8266_RTOS_SDK/components/esp8266/lib/libcore.a(user_interface.o)
                0x000000003ffe88f8                OpmodChgIsOnGoing
                0x000000003ffe88fc                event_cb
                0x000000003ffe8900                status_led_output_level
                0x000000003ffe8901                protect_flag
                0x000000003ffe8902                deep_sleep_flag
 *fill*         0x000000003ffe8a01        0x3 
 .bss           0x000000003ffe8a04       0x30 /home/liqingqiao/esp/ESP8266_RTOS_SDK/components/esp8266/lib/libcore.a(app_main.o)
                0x000000003ffe8a04                info
                0x000000003ffe8a28                user_init_flag
                0x000000003ffe8a29                freq_trace_enable
                0x000000003ffe8a2c                rf_cal_sec
                0x000000003ffe8a30                xWatchDogTaskHandle
 .bss           0x000000003ffe8a34       0xac /home/liqingqiao/esp/ESP8266_RTOS_SDK/components/esp8266/lib/libcore.a(ets_timer.o)
                0x000000003ffe8a34                timer_list
 .bss           0x000000003ffe8ae0       0x40 /home/liqingqiao/esp/ESP8266_RTOS_SDK/components/esp8266/lib/libnet80211.a(ieee80211_hostap.o)
                0x000000003ffe8ae0                ap_freq_force_to_scan
                0x000000003ffe8ae4                APRecvBcnStartTick
                0x000000003ffe8ae8                PendFreeBcnEb
                0x000000003ffe8ae9                BcnEb_update
 .bss           0x000000003ffe8b20       0x38 /home/liqingqiao/esp/ESP8266_RTOS_SDK/components/esp8266/lib/libnet80211.a(ieee80211_scan.o)
                0x000000003ffe8b20                scannum
                0x000000003ffe8b22                auth_type
                0x000000003ffe8b23                freq_change_check_softap_link_enable
                0x000000003ffe8b24                TestStaFreqCalValDev
                0x000000003ffe8b26                TestStaFreqCalValInput
                0x000000003ffe8b28                FreqCalCntForScan
                0x000000003ffe8b29                connect_scan_flag
 .bss           0x000000003ffe8b58       0x29 /home/liqingqiao/esp/ESP8266_RTOS_SDK/components/esp8266/lib/libnet80211.a(ieee80211_sta.o)
 *fill*         0x000000003ffe8b81        0x3 
 .bss           0x000000003ffe8b84       0x64 /home/liqingqiao/esp/ESP8266_RTOS_SDK/components/esp8266/lib/libnet80211.a(wl_chm.o)
 .bss           0x000000003ffe8be8      0x3b8 /home/liqingqiao/esp/ESP8266_RTOS_SDK/components/esp8266/lib/libnet80211.a(wl_cnx.o)
                0x000000003ffe8be8                reconnect_flag
                0x000000003ffe8bec                g_cnx_probe_rc_list_cb
 .bss           0x000000003ffe8fa0       0x10 /home/liqingqiao/esp/ESP8266_RTOS_SDK/components/esp8266/lib/libnet80211.a(ieee80211_action_vendor.o)
 .bss           0x000000003ffe8fb0        0x4 /home/liqingqiao/esp/ESP8266_RTOS_SDK/components/esp8266/lib/libphy.a(phy.o)
 .bss           0x000000003ffe8fb4        0x2 /home/liqingqiao/esp/ESP8266_RTOS_SDK/components/esp8266/lib/libphy.a(phy_chip_v6_ana.o)
                0x000000003ffe8fb4                tout_dis_txpwr_track
                0x000000003ffe8fb5                sleep_mode_flag
 *fill*         0x000000003ffe8fb6        0x2 
 .bss           0x000000003ffe8fb8      0x153 /home/liqingqiao/esp/ESP8266_RTOS_SDK/components/esp8266/lib/libphy.a(phy_chip_v6.o)
                0x000000003ffe8fb8                rxiq_compute_num
                0x000000003ffe8fbc                rx_table_renew_en
                0x000000003ffe8fc0                check_result
                0x000000003ffe8fc4                chip6_sleep_params
                0x000000003ffe9058                chip6_phy_init_ctrl
                0x000000003ffe90cc                phy_freq_offset
                0x000000003ffe90ce                do_pwctrl_flag
                0x000000003ffe90cf                txbk_dpdby_flag
                0x000000003ffe90d1                sw_scan_mode
                0x000000003ffe90d2                rxmax_ext_level
                0x000000003ffe90d4                phy_rx_gain_dc_table
                0x000000003ffe90e8                periodic_cal_flag
                0x000000003ffe90e9                bbpll_cal_flag
                0x000000003ffe90ea                phy_in_most_power
                0x000000003ffe90eb                init_rf_no_cal
                0x000000003ffe90ec                test_print_time
                0x000000003ffe90f0                phy_in_vdd33_offset
                0x000000003ffe90f1                phy_set_most_tpw_disbg
                0x000000003ffe90f2                phy_set_most_tpw_index
                0x000000003ffe90f4                adc_rand_noise
                0x000000003ffe90f8                phy_rx_gain_dc_flag
                0x000000003ffe90f9                dpd_bypass_original
                0x000000003ffe90fa                phy_txpwr_diff_flash
                0x000000003ffe9100                noise_array
 *fill*         0x000000003ffe910b        0x1 
 .bss           0x000000003ffe910c        0x9 /home/liqingqiao/esp/ESP8266_RTOS_SDK/components/esp8266/lib/libphy.a(phy_chip_v6_cal.o)
                0x000000003ffe910c                phy_tx_power_out
                0x000000003ffe910e                phy_tx_pwr_error
                0x000000003ffe9110                tx_pwctrl_track_num
                0x000000003ffe9111                rxiq_cover_fail_num
                0x000000003ffe9112                phy_meas_freq_offset
                0x000000003ffe9114                tx_pwctrl_pk_num
 *fill*         0x000000003ffe9115        0x3 
 .bss           0x000000003ffe9118        0x7 /home/liqingqiao/esp/ESP8266_RTOS_SDK/components/esp8266/lib/libphy.a(phy_sleep.o)
                0x000000003ffe9118                periodic_cal_sat
                0x000000003ffe911a                lslp_mem_opt_8266
                0x000000003ffe911c                software_slp_reject
                0x000000003ffe911d                SDIO_slp_reject
                0x000000003ffe911e                hardware_reject
 *fill*         0x000000003ffe911f        0x1 
 .bss           0x000000003ffe9120        0x1 /home/liqingqiao/esp/ESP8266_RTOS_SDK/components/esp8266/lib/libphy.a(phy_chip_v5_ana_romfunc.o)
                0x000000003ffe9120                phy_interrup_flag
 *fill*         0x000000003ffe9121        0x3 
 .bss           0x000000003ffe9124      0xa48 /home/liqingqiao/esp/ESP8266_RTOS_SDK/components/esp8266/lib/libpp.a(esf_buf.o)
 .bss           0x000000003ffe9b6c      0x12c /home/liqingqiao/esp/ESP8266_RTOS_SDK/components/esp8266/lib/libpp.a(lmac.o)
 .bss           0x000000003ffe9c98      0x166 /home/liqingqiao/esp/ESP8266_RTOS_SDK/components/esp8266/lib/libpp.a(pm.o)
                0x000000003ffe9c98                CCOMPARE_AddVal
 *fill*         0x000000003ffe9dfe        0x2 
 .bss           0x000000003ffe9e00       0x4c /home/liqingqiao/esp/ESP8266_RTOS_SDK/components/esp8266/lib/libpp.a(pm_for_bcn_only_mode.o)
 .bss           0x000000003ffe9e4c      0x3ac /home/liqingqiao/esp/ESP8266_RTOS_SDK/components/esp8266/lib/libpp.a(pp.o)
                0x000000003ffe9e4c                avg_freqoffset_sta_freqcal
                0x000000003ffe9e4e                all_freqoffset_sta_freqcal
                0x000000003ffe9e50                pktnum_sta_freqcal
                0x000000003ffe9e52                PktNumInOneChk
                0x000000003ffe9e54                test_freq_val_force_flag
                0x000000003ffe9e56                TestStaFreqCalValFilter
                0x000000003ffe9e58                PktsNumInOneChk
                0x000000003ffe9e5a                AllFreqOffsetInOneChk
                0x000000003ffe9e5c                AvgFreqOffsetInOneChk
                0x000000003ffe9e5e                LowestFreqOffsetInOneChk
                0x000000003ffe9e60                HighestFreqOffsetInOneChk
                0x000000003ffe9e62                idle_timer_reopen_flag
                0x000000003ffe9e63                pend_flag_noise_check
                0x000000003ffe9e64                pend_flag_periodic_cal
                0x000000003ffe9e65                pp_soft_wdt_count
                0x000000003ffe9e66                dbg_stop_hw_wdt
                0x000000003ffe9e67                dbg_stop_sw_wdt
                0x000000003ffe9e68                wdt_ini_flag
 .bss           0x000000003ffea1f8      0x100 /home/liqingqiao/esp/ESP8266_RTOS_SDK/components/esp8266/lib/libpp.a(rate_control.o)
 .bss           0x000000003ffea2f8      0x464 /home/liqingqiao/esp/ESP8266_RTOS_SDK/components/esp8266/lib/libpp.a(trc.o)
 .bss           0x000000003ffea75c     0x2ef9 /home/liqingqiao/esp/ESP8266_RTOS_SDK/components/esp8266/lib/libpp.a(wdev.o)
                0x000000003ffea75c                NMIIrqIsOn
                0x000000003ffea760                WdevTimOffSet
 *fill*         0x000000003ffed655        0x3 
 .bss           0x000000003ffed658        0x8 /home/liqingqiao/esp/ESP8266_RTOS_SDK/components/esp8266/lib/libnet80211.a(ieee80211_crypto_tkip.o)
 *(.bss.*)
 .bss._xt_isr_status
                0x000000003ffed660        0x1 /home/liqingqiao/esp/ESP8266_RTOS_SDK/examples/get-started/project_template/build/freertos/libfreertos.a(port.o)
                0x000000003ffed660                _xt_isr_status
 .bss.ClosedLv1Isr
                0x000000003ffed661        0x1 /home/liqingqiao/esp/ESP8266_RTOS_SDK/examples/get-started/project_template/build/freertos/libfreertos.a(port.o)
 *fill*         0x000000003ffed662        0x2 
 .bss.uxCriticalNesting
                0x000000003ffed664        0x4 /home/liqingqiao/esp/ESP8266_RTOS_SDK/examples/get-started/project_template/build/freertos/libfreertos.a(port.o)
 .bss.SWReq     0x000000003ffed668        0x1 /home/liqingqiao/esp/ESP8266_RTOS_SDK/examples/get-started/project_template/build/freertos/libfreertos.a(port.o)
 .bss.HdlMacSig
                0x000000003ffed669        0x1 /home/liqingqiao/esp/ESP8266_RTOS_SDK/examples/get-started/project_template/build/freertos/libfreertos.a(port.o)
 *fill*         0x000000003ffed66a        0x2 
 .bss.uxSchedulerSuspended
                0x000000003ffed66c        0x4 /home/liqingqiao/esp/ESP8266_RTOS_SDK/examples/get-started/project_template/build/freertos/libfreertos.a(tasks.o)
 .bss.xIdleTaskHandle
                0x000000003ffed670        0x4 /home/liqingqiao/esp/ESP8266_RTOS_SDK/examples/get-started/project_template/build/freertos/libfreertos.a(tasks.o)
 .bss.xNextTaskUnblockTime
                0x000000003ffed674        0x4 /home/liqingqiao/esp/ESP8266_RTOS_SDK/examples/get-started/project_template/build/freertos/libfreertos.a(tasks.o)
 .bss.uxTaskNumber
                0x000000003ffed678        0x4 /home/liqingqiao/esp/ESP8266_RTOS_SDK/examples/get-started/project_template/build/freertos/libfreertos.a(tasks.o)
 .bss.xNumOfOverflows
                0x000000003ffed67c        0x4 /home/liqingqiao/esp/ESP8266_RTOS_SDK/examples/get-started/project_template/build/freertos/libfreertos.a(tasks.o)
 .bss.xYieldPending
                0x000000003ffed680        0x4 /home/liqingqiao/esp/ESP8266_RTOS_SDK/examples/get-started/project_template/build/freertos/libfreertos.a(tasks.o)
 .bss.uxPendedTicks
                0x000000003ffed684        0x4 /home/liqingqiao/esp/ESP8266_RTOS_SDK/examples/get-started/project_template/build/freertos/libfreertos.a(tasks.o)
 .bss.xSchedulerRunning
                0x000000003ffed688        0x4 /home/liqingqiao/esp/ESP8266_RTOS_SDK/examples/get-started/project_template/build/freertos/libfreertos.a(tasks.o)
 .bss.uxTopReadyPriority
                0x000000003ffed68c        0x4 /home/liqingqiao/esp/ESP8266_RTOS_SDK/examples/get-started/project_template/build/freertos/libfreertos.a(tasks.o)
 .bss.xTickCount
                0x000000003ffed690        0x4 /home/liqingqiao/esp/ESP8266_RTOS_SDK/examples/get-started/project_template/build/freertos/libfreertos.a(tasks.o)
 .bss.uxCurrentNumberOfTasks
                0x000000003ffed694        0x4 /home/liqingqiao/esp/ESP8266_RTOS_SDK/examples/get-started/project_template/build/freertos/libfreertos.a(tasks.o)
 .bss.xSuspendedTaskList
                0x000000003ffed698       0x14 /home/liqingqiao/esp/ESP8266_RTOS_SDK/examples/get-started/project_template/build/freertos/libfreertos.a(tasks.o)
 .bss.uxDeletedTasksWaitingCleanUp
                0x000000003ffed6ac        0x4 /home/liqingqiao/esp/ESP8266_RTOS_SDK/examples/get-started/project_template/build/freertos/libfreertos.a(tasks.o)
 .bss.xTasksWaitingTermination
                0x000000003ffed6b0       0x14 /home/liqingqiao/esp/ESP8266_RTOS_SDK/examples/get-started/project_template/build/freertos/libfreertos.a(tasks.o)
 .bss.xPendingReadyList
                0x000000003ffed6c4       0x14 /home/liqingqiao/esp/ESP8266_RTOS_SDK/examples/get-started/project_template/build/freertos/libfreertos.a(tasks.o)
 .bss.pxOverflowDelayedTaskList
                0x000000003ffed6d8        0x4 /home/liqingqiao/esp/ESP8266_RTOS_SDK/examples/get-started/project_template/build/freertos/libfreertos.a(tasks.o)
 .bss.pxDelayedTaskList
                0x000000003ffed6dc        0x4 /home/liqingqiao/esp/ESP8266_RTOS_SDK/examples/get-started/project_template/build/freertos/libfreertos.a(tasks.o)
 .bss.xDelayedTaskList2
                0x000000003ffed6e0       0x14 /home/liqingqiao/esp/ESP8266_RTOS_SDK/examples/get-started/project_template/build/freertos/libfreertos.a(tasks.o)
 .bss.xDelayedTaskList1
                0x000000003ffed6f4       0x14 /home/liqingqiao/esp/ESP8266_RTOS_SDK/examples/get-started/project_template/build/freertos/libfreertos.a(tasks.o)
 .bss.pxReadyTasksLists
                0x000000003ffed708      0x12c /home/liqingqiao/esp/ESP8266_RTOS_SDK/examples/get-started/project_template/build/freertos/libfreertos.a(tasks.o)
 .bss.pxCurrentTCB
                0x000000003ffed834        0x4 /home/liqingqiao/esp/ESP8266_RTOS_SDK/examples/get-started/project_template/build/freertos/libfreertos.a(tasks.o)
                0x000000003ffed834                pxCurrentTCB
 .bss.xLastTime$3098
                0x000000003ffed838        0x4 /home/liqingqiao/esp/ESP8266_RTOS_SDK/examples/get-started/project_template/build/freertos/libfreertos.a(timers.o)
 .bss.xTimerTaskHandle
                0x000000003ffed83c        0x4 /home/liqingqiao/esp/ESP8266_RTOS_SDK/examples/get-started/project_template/build/freertos/libfreertos.a(timers.o)
 .bss.xTimerQueue
                0x000000003ffed840        0x4 /home/liqingqiao/esp/ESP8266_RTOS_SDK/examples/get-started/project_template/build/freertos/libfreertos.a(timers.o)
 .bss.pxOverflowTimerList
                0x000000003ffed844        0x4 /home/liqingqiao/esp/ESP8266_RTOS_SDK/examples/get-started/project_template/build/freertos/libfreertos.a(timers.o)
 .bss.pxCurrentTimerList
                0x000000003ffed848        0x4 /home/liqingqiao/esp/ESP8266_RTOS_SDK/examples/get-started/project_template/build/freertos/libfreertos.a(timers.o)
 .bss.xActiveTimerList2
                0x000000003ffed84c       0x14 /home/liqingqiao/esp/ESP8266_RTOS_SDK/examples/get-started/project_template/build/freertos/libfreertos.a(timers.o)
 .bss.xActiveTimerList1
                0x000000003ffed860       0x14 /home/liqingqiao/esp/ESP8266_RTOS_SDK/examples/get-started/project_template/build/freertos/libfreertos.a(timers.o)
 .bss.is_inited$3898
                0x000000003ffed874        0x1 /home/liqingqiao/esp/ESP8266_RTOS_SDK/examples/get-started/project_template/build/freertos/libfreertos.a(heap_5.o)
 *fill*         0x000000003ffed875        0x3 
 .bss.xHeapRegions
                0x000000003ffed878       0x18 /home/liqingqiao/esp/ESP8266_RTOS_SDK/examples/get-started/project_template/build/freertos/libfreertos.a(heap_5.o)
 .bss.xBlockAllocatedBit
                0x000000003ffed890        0x4 /home/liqingqiao/esp/ESP8266_RTOS_SDK/examples/get-started/project_template/build/freertos/libfreertos.a(heap_5.o)
 .bss.xMinimumEverFreeBytesRemaining
                0x000000003ffed894        0x4 /home/liqingqiao/esp/ESP8266_RTOS_SDK/examples/get-started/project_template/build/freertos/libfreertos.a(heap_5.o)
 .bss.xFreeBytesRemaining
                0x000000003ffed898        0x4 /home/liqingqiao/esp/ESP8266_RTOS_SDK/examples/get-started/project_template/build/freertos/libfreertos.a(heap_5.o)
 .bss.yFreeBytesRemaining
                0x000000003ffed89c        0x4 /home/liqingqiao/esp/ESP8266_RTOS_SDK/examples/get-started/project_template/build/freertos/libfreertos.a(heap_5.o)
 .bss.yStart    0x000000003ffed8a0       0x10 /home/liqingqiao/esp/ESP8266_RTOS_SDK/examples/get-started/project_template/build/freertos/libfreertos.a(heap_5.o)
 .bss.pxEnd     0x000000003ffed8b0        0x4 /home/liqingqiao/esp/ESP8266_RTOS_SDK/examples/get-started/project_template/build/freertos/libfreertos.a(heap_5.o)
 .bss.xStart    0x000000003ffed8b4       0x10 /home/liqingqiao/esp/ESP8266_RTOS_SDK/examples/get-started/project_template/build/freertos/libfreertos.a(heap_5.o)
 .bss.__sinit_lock
                0x000000003ffed8c4        0x4 /home/liqingqiao/esp/ESP8266_RTOS_SDK/components/newlib/newlib/lib/libc_nano.a(lib_a-findfp.o)
 .bss.__sfp_lock
                0x000000003ffed8c8        0x4 /home/liqingqiao/esp/ESP8266_RTOS_SDK/components/newlib/newlib/lib/libc_nano.a(lib_a-findfp.o)
 .bss.FlashIsOnGoing
                0x000000003ffed8cc        0x1 /home/liqingqiao/esp/ESP8266_RTOS_SDK/examples/get-started/project_template/build/spi_flash/libspi_flash.a(spi_flash.o)
                0x000000003ffed8cc                FlashIsOnGoing
 *fill*         0x000000003ffed8cd        0x3 
 .bss.s_sm_valid_bitmap
                0x000000003ffed8d0        0x4 /home/liqingqiao/esp/ESP8266_RTOS_SDK/components/esp8266/lib/libwpa.a(wpa_auth.o)
 .bss.s_sm_table
                0x000000003ffed8d4       0x40 /home/liqingqiao/esp/ESP8266_RTOS_SDK/components/esp8266/lib/libwpa.a(wpa_auth.o)
 .bss.assoc_ie_buf
                0x000000003ffed914       0x1a /home/liqingqiao/esp/ESP8266_RTOS_SDK/components/esp8266/lib/libwpa.a(wpa.o)
 *fill*         0x000000003ffed92e        0x2 
 .bss.gWpaSm    0x000000003ffed930      0x25c /home/liqingqiao/esp/ESP8266_RTOS_SDK/components/esp8266/lib/libwpa.a(wpa.o)
 .bss.impure_data
                0x000000003ffedb8c       0xf0 /home/liqingqiao/esp/ESP8266_RTOS_SDK/examples/get-started/project_template/build/freertos/libfreertos.a(impure.o)
 .bss.mbox      0x000000003ffedc7c        0x4 /home/liqingqiao/esp/ESP8266_RTOS_SDK/examples/get-started/project_template/build/lwip/liblwip.a(tcpip.o)
 .bss.tcpip_init_done_arg
                0x000000003ffedc80        0x4 /home/liqingqiao/esp/ESP8266_RTOS_SDK/examples/get-started/project_template/build/lwip/liblwip.a(tcpip.o)
 .bss.tcpip_init_done
                0x000000003ffedc84        0x4 /home/liqingqiao/esp/ESP8266_RTOS_SDK/examples/get-started/project_template/build/lwip/liblwip.a(tcpip.o)
 .bss.tcp_timer_ctr
                0x000000003ffedc88        0x1 /home/liqingqiao/esp/ESP8266_RTOS_SDK/examples/get-started/project_template/build/lwip/liblwip.a(tcp.o)
 .bss.tcp_timer
                0x000000003ffedc89        0x1 /home/liqingqiao/esp/ESP8266_RTOS_SDK/examples/get-started/project_template/build/lwip/liblwip.a(tcp.o)
 *fill*         0x000000003ffedc8a        0x2 
 .bss.dns_servers
                0x000000003ffedc8c       0x28 /home/liqingqiao/esp/ESP8266_RTOS_SDK/examples/get-started/project_template/build/lwip/liblwip.a(dns.o)
 .bss.dns_requests
                0x000000003ffedcb4       0x30 /home/liqingqiao/esp/ESP8266_RTOS_SDK/examples/get-started/project_template/build/lwip/liblwip.a(dns.o)
 .bss.dns_table
                0x000000003ffedce4      0x490 /home/liqingqiao/esp/ESP8266_RTOS_SDK/examples/get-started/project_template/build/lwip/liblwip.a(dns.o)
 .bss.dns_pcbs  0x000000003ffee174       0x10 /home/liqingqiao/esp/ESP8266_RTOS_SDK/examples/get-started/project_template/build/lwip/liblwip.a(dns.o)
 .bss.tcpip_tcp_timer_active
                0x000000003ffee184        0x4 /home/liqingqiao/esp/ESP8266_RTOS_SDK/examples/get-started/project_template/build/lwip/liblwip.a(timeouts.o)
 .bss.timeouts_last_time
                0x000000003ffee188        0x4 /home/liqingqiao/esp/ESP8266_RTOS_SDK/examples/get-started/project_template/build/lwip/liblwip.a(timeouts.o)
 .bss.next_timeout
                0x000000003ffee18c        0x4 /home/liqingqiao/esp/ESP8266_RTOS_SDK/examples/get-started/project_template/build/lwip/liblwip.a(timeouts.o)
 .bss.recv_data
                0x000000003ffee190        0x4 /home/liqingqiao/esp/ESP8266_RTOS_SDK/examples/get-started/project_template/build/lwip/liblwip.a(tcp_in.o)
 .bss.recv_flags
                0x000000003ffee194        0x1 /home/liqingqiao/esp/ESP8266_RTOS_SDK/examples/get-started/project_template/build/lwip/liblwip.a(tcp_in.o)
 .bss.flags     0x000000003ffee195        0x1 /home/liqingqiao/esp/ESP8266_RTOS_SDK/examples/get-started/project_template/build/lwip/liblwip.a(tcp_in.o)
 .bss.tcplen    0x000000003ffee196        0x2 /home/liqingqiao/esp/ESP8266_RTOS_SDK/examples/get-started/project_template/build/lwip/liblwip.a(tcp_in.o)
 .bss.recv_acked
                0x000000003ffee198        0x2 /home/liqingqiao/esp/ESP8266_RTOS_SDK/examples/get-started/project_template/build/lwip/liblwip.a(tcp_in.o)
 *fill*         0x000000003ffee19a        0x2 
 .bss.ackno     0x000000003ffee19c        0x4 /home/liqingqiao/esp/ESP8266_RTOS_SDK/examples/get-started/project_template/build/lwip/liblwip.a(tcp_in.o)
 .bss.seqno     0x000000003ffee1a0        0x4 /home/liqingqiao/esp/ESP8266_RTOS_SDK/examples/get-started/project_template/build/lwip/liblwip.a(tcp_in.o)
 .bss.tcp_optidx
                0x000000003ffee1a4        0x2 /home/liqingqiao/esp/ESP8266_RTOS_SDK/examples/get-started/project_template/build/lwip/liblwip.a(tcp_in.o)
 *fill*         0x000000003ffee1a6        0x2 
 .bss.tcphdr_opt2
                0x000000003ffee1a8        0x4 /home/liqingqiao/esp/ESP8266_RTOS_SDK/examples/get-started/project_template/build/lwip/liblwip.a(tcp_in.o)
 .bss.tcphdr_opt1len
                0x000000003ffee1ac        0x2 /home/liqingqiao/esp/ESP8266_RTOS_SDK/examples/get-started/project_template/build/lwip/liblwip.a(tcp_in.o)
 .bss.tcphdr_optlen
                0x000000003ffee1ae        0x2 /home/liqingqiao/esp/ESP8266_RTOS_SDK/examples/get-started/project_template/build/lwip/liblwip.a(tcp_in.o)
 .bss.tcphdr    0x000000003ffee1b0        0x4 /home/liqingqiao/esp/ESP8266_RTOS_SDK/examples/get-started/project_template/build/lwip/liblwip.a(tcp_in.o)
 .bss.inseg     0x000000003ffee1b4       0x10 /home/liqingqiao/esp/ESP8266_RTOS_SDK/examples/get-started/project_template/build/lwip/liblwip.a(tcp_in.o)
 .bss.netif_num
                0x000000003ffee1c4        0x1 /home/liqingqiao/esp/ESP8266_RTOS_SDK/examples/get-started/project_template/build/lwip/liblwip.a(netif.o)
 *fill*         0x000000003ffee1c5        0x3 
 .bss.xid$3700  0x000000003ffee1c8        0x4 /home/liqingqiao/esp/ESP8266_RTOS_SDK/examples/get-started/project_template/build/lwip/liblwip.a(dhcp.o)
 .bss.dhcp_pcb_refcount
                0x000000003ffee1cc        0x1 /home/liqingqiao/esp/ESP8266_RTOS_SDK/examples/get-started/project_template/build/lwip/liblwip.a(dhcp.o)
 *fill*         0x000000003ffee1cd        0x3 
 .bss.dhcp_pcb  0x000000003ffee1d0        0x4 /home/liqingqiao/esp/ESP8266_RTOS_SDK/examples/get-started/project_template/build/lwip/liblwip.a(dhcp.o)
 .bss.etharp_cached_entry
                0x000000003ffee1d4        0x1 /home/liqingqiao/esp/ESP8266_RTOS_SDK/examples/get-started/project_template/build/lwip/liblwip.a(etharp.o)
 *fill*         0x000000003ffee1d5        0x3 
 .bss.arp_table
                0x000000003ffee1d8       0xf0 /home/liqingqiao/esp/ESP8266_RTOS_SDK/examples/get-started/project_template/build/lwip/liblwip.a(etharp.o)
 .bss.allrouters
                0x000000003ffee2c8        0x4 /home/liqingqiao/esp/ESP8266_RTOS_SDK/examples/get-started/project_template/build/lwip/liblwip.a(igmp.o)
 .bss.allsystems
                0x000000003ffee2cc        0x4 /home/liqingqiao/esp/ESP8266_RTOS_SDK/examples/get-started/project_template/build/lwip/liblwip.a(igmp.o)
 .bss.ip4_default_multicast_netif
                0x000000003ffee2d0        0x4 /home/liqingqiao/esp/ESP8266_RTOS_SDK/examples/get-started/project_template/build/lwip/liblwip.a(ip4.o)
 .bss.ip_id     0x000000003ffee2d4        0x2 /home/liqingqiao/esp/ESP8266_RTOS_SDK/examples/get-started/project_template/build/lwip/liblwip.a(ip4.o)
 .bss.ip6_reass_pbufcount
                0x000000003ffee2d6        0x2 /home/liqingqiao/esp/ESP8266_RTOS_SDK/examples/get-started/project_template/build/lwip/liblwip.a(ip6_frag.o)
 .bss.reassdatagrams
                0x000000003ffee2d8        0x4 /home/liqingqiao/esp/ESP8266_RTOS_SDK/examples/get-started/project_template/build/lwip/liblwip.a(ip6_frag.o)
 .bss.last_router$3690
                0x000000003ffee2dc        0x1 /home/liqingqiao/esp/ESP8266_RTOS_SDK/examples/get-started/project_template/build/lwip/liblwip.a(nd6.o)
 *fill*         0x000000003ffee2dd        0x3 
 .bss.nd6_ra_buffer
                0x000000003ffee2e0       0x20 /home/liqingqiao/esp/ESP8266_RTOS_SDK/examples/get-started/project_template/build/lwip/liblwip.a(nd6.o)
 .bss.multicast_address
                0x000000003ffee300       0x10 /home/liqingqiao/esp/ESP8266_RTOS_SDK/examples/get-started/project_template/build/lwip/liblwip.a(nd6.o)
 .bss.nd6_cached_destination_index
                0x000000003ffee310        0x1 /home/liqingqiao/esp/ESP8266_RTOS_SDK/examples/get-started/project_template/build/lwip/liblwip.a(nd6.o)
 .bss.nd6_cached_neighbor_index
                0x000000003ffee311        0x1 /home/liqingqiao/esp/ESP8266_RTOS_SDK/examples/get-started/project_template/build/lwip/liblwip.a(nd6.o)
 *fill*         0x000000003ffee312        0x2 
 .bss.esp_ip    0x000000003ffee314       0x18 /home/liqingqiao/esp/ESP8266_RTOS_SDK/examples/get-started/project_template/build/tcpip_adapter/libtcpip_adapter.a(tcpip_adapter_wifi.o)
 .bss.dhcp_fail_time
                0x000000003ffee32c        0x1 /home/liqingqiao/esp/ESP8266_RTOS_SDK/examples/get-started/project_template/build/tcpip_adapter/libtcpip_adapter.a(tcpip_adapter_wifi.o)
 *fill*         0x000000003ffee32d        0x3 
 .bss.get_ip_timer
                0x000000003ffee330        0x4 /home/liqingqiao/esp/ESP8266_RTOS_SDK/examples/get-started/project_template/build/tcpip_adapter/libtcpip_adapter.a(tcpip_adapter_wifi.o)
 .bss.LwipTimOutLim
                0x000000003ffee334        0x4 /home/liqingqiao/esp/ESP8266_RTOS_SDK/examples/get-started/project_template/build/tcpip_adapter/libtcpip_adapter.a(tcpip_adapter_wifi.o)
                0x000000003ffee334                LwipTimOutLim
 .bss.s_socket  0x000000003ffee338       0x6c /home/liqingqiao/esp/ESP8266_RTOS_SDK/examples/get-started/project_template/build/esp8266/libesp8266.a(esp_socket.o)
 .bss.renew     0x000000003ffee3a4        0x1 /home/liqingqiao/esp/ESP8266_RTOS_SDK/examples/get-started/project_template/build/lwip/liblwip.a(dhcpserver.o)
 *fill*         0x000000003ffee3a5        0x3 
 .bss.plist     0x000000003ffee3a8        0x4 /home/liqingqiao/esp/ESP8266_RTOS_SDK/examples/get-started/project_template/build/lwip/liblwip.a(dhcpserver.o)
 .bss.dhcps_lease
                0x000000003ffee3ac        0xc /home/liqingqiao/esp/ESP8266_RTOS_SDK/examples/get-started/project_template/build/lwip/liblwip.a(dhcpserver.o)
 .bss.client_address_plus
                0x000000003ffee3b8        0x4 /home/liqingqiao/esp/ESP8266_RTOS_SDK/examples/get-started/project_template/build/lwip/liblwip.a(dhcpserver.o)
 .bss.client_address
                0x000000003ffee3bc        0x4 /home/liqingqiao/esp/ESP8266_RTOS_SDK/examples/get-started/project_template/build/lwip/liblwip.a(dhcpserver.o)
 .bss.server_address
                0x000000003ffee3c0        0x4 /home/liqingqiao/esp/ESP8266_RTOS_SDK/examples/get-started/project_template/build/lwip/liblwip.a(dhcpserver.o)
 .bss.pcb_dhcps
                0x000000003ffee3c4        0x4 /home/liqingqiao/esp/ESP8266_RTOS_SDK/examples/get-started/project_template/build/lwip/liblwip.a(dhcpserver.o)
 .bss.environ   0x000000003ffee3c8        0x4 /home/liqingqiao/esp/ESP8266_RTOS_SDK/components/newlib/newlib/lib/libc_nano.a(lib_a-environ.o)
                0x000000003ffee3c8                environ
 *(.gnu.linkonce.b.*)
 *(COMMON)
 COMMON         0x000000003ffee3cc       0x84 /home/liqingqiao/esp/ESP8266_RTOS_SDK/examples/get-started/project_template/build/freertos/libfreertos.a(port.o)
                0x000000003ffee3cc                isr
                0x000000003ffee44c                cpu_sr
 COMMON         0x000000003ffee450        0x4 /home/liqingqiao/esp/ESP8266_RTOS_SDK/components/esp8266/lib/libcore.a(misc.o)
                0x000000003ffee450                _putc1
 COMMON         0x000000003ffee454       0x58 /home/liqingqiao/esp/ESP8266_RTOS_SDK/components/esp8266/lib/libcore.a(user_interface.o)
                0x000000003ffee454                cpu_overclock
                0x000000003ffee458                evt
                0x000000003ffee484                rst_if
                0x000000003ffee4a4                xQueue_event
                0x000000003ffee4a8                promiscuous_cb
 COMMON         0x000000003ffee4ac        0x8 /home/liqingqiao/esp/ESP8266_RTOS_SDK/components/esp8266/lib/libcore.a(ets_timer.o)
                0x000000003ffee4ac                debug_timer
                0x000000003ffee4b0                debug_timerfn
 COMMON         0x000000003ffee4b4      0x6c0 /home/liqingqiao/esp/ESP8266_RTOS_SDK/components/esp8266/lib/libnet80211.a(ieee80211.o)
                0x000000003ffee4b4                xieee80211Queue
                0x000000003ffee4b8                g_ic
 COMMON         0x000000003ffeeb74       0x1c /home/liqingqiao/esp/ESP8266_RTOS_SDK/components/esp8266/lib/libnet80211.a(ieee80211_hostap.o)
                0x000000003ffeeb74                ApFreqCalTimer
 COMMON         0x000000003ffeeb90       0xac /home/liqingqiao/esp/ESP8266_RTOS_SDK/components/esp8266/lib/libnet80211.a(ieee80211_scan.o)
                0x000000003ffeeb90                gScanStruct
 COMMON         0x000000003ffeec3c       0x1d /home/liqingqiao/esp/ESP8266_RTOS_SDK/components/esp8266/lib/libnet80211.a(wl_cnx.o)
                0x000000003ffeec3c                sta_con_timer
                0x000000003ffeec58                backup_ni_connect_status
 *fill*         0x000000003ffeec59        0x3 
 COMMON         0x000000003ffeec5c       0x21 /home/liqingqiao/esp/ESP8266_RTOS_SDK/components/esp8266/lib/libpp.a(if_hwctrl.o)
                0x000000003ffeec5c                if_ctrl
                0x000000003ffeec7c                interface_mask
 *fill*         0x000000003ffeec7d        0x3 
 COMMON         0x000000003ffeec80       0x24 /home/liqingqiao/esp/ESP8266_RTOS_SDK/components/esp8266/lib/libpp.a(lmac.o)
                0x000000003ffeec80                lmacConfMib
                0x000000003ffeeca0                our_tx_eb
 COMMON         0x000000003ffeeca4       0x30 /home/liqingqiao/esp/ESP8266_RTOS_SDK/components/esp8266/lib/libpp.a(pp.o)
                0x000000003ffeeca4                DefFreqCalTimer
                0x000000003ffeecc0                freq_change_sta_scan
 COMMON         0x000000003ffeecd4       0x40 /home/liqingqiao/esp/ESP8266_RTOS_SDK/components/esp8266/lib/libpp.a(wdev.o)
                0x000000003ffeecd4                wDevCtrl
 COMMON         0x000000003ffeed14       0x1c /home/liqingqiao/esp/ESP8266_RTOS_SDK/components/esp8266/lib/libwpa.a(wpa_auth.o)
                0x000000003ffeed14                resend_eapol
 COMMON         0x000000003ffeed30       0x18 /home/liqingqiao/esp/ESP8266_RTOS_SDK/examples/get-started/project_template/build/lwip/liblwip.a(tcp.o)
                0x000000003ffeed30                tcp_active_pcbs_changed
                0x000000003ffeed34                tcp_active_pcbs
                0x000000003ffeed38                tcp_ticks
                0x000000003ffeed3c                tcp_listen_pcbs
                0x000000003ffeed40                tcp_bound_pcbs
                0x000000003ffeed44                tcp_tw_pcbs
 COMMON         0x000000003ffeed48       0x3c /home/liqingqiao/esp/ESP8266_RTOS_SDK/examples/get-started/project_template/build/lwip/liblwip.a(ip.o)
                0x000000003ffeed48                ip_data
 COMMON         0x000000003ffeed84        0x4 /home/liqingqiao/esp/ESP8266_RTOS_SDK/examples/get-started/project_template/build/lwip/liblwip.a(tcp_in.o)
                0x000000003ffeed84                tcp_input_pcb
 COMMON         0x000000003ffeed88        0x8 /home/liqingqiao/esp/ESP8266_RTOS_SDK/examples/get-started/project_template/build/lwip/liblwip.a(netif.o)
                0x000000003ffeed88                netif_list
                0x000000003ffeed8c                netif_default
 COMMON         0x000000003ffeed90        0x4 /home/liqingqiao/esp/ESP8266_RTOS_SDK/examples/get-started/project_template/build/lwip/liblwip.a(udp.o)
                0x000000003ffeed90                udp_pcbs
 COMMON         0x000000003ffeed94       0x34 /home/liqingqiao/esp/ESP8266_RTOS_SDK/examples/get-started/project_template/build/lwip/liblwip.a(dhcp.o)
                0x000000003ffeed94                dhcp_rx_options_given
                0x000000003ffeeda0                dhcp_rx_options_val
 COMMON         0x000000003ffeedc8      0x3d0 /home/liqingqiao/esp/ESP8266_RTOS_SDK/examples/get-started/project_template/build/lwip/liblwip.a(nd6.o)
                0x000000003ffeedc8                neighbor_cache
                0x000000003ffeef58                prefix_list
                0x000000003ffeefe4                destination_cache
                0x000000003ffef174                default_router_list
 COMMON         0x000000003ffef198       0x10 /home/liqingqiao/esp/ESP8266_RTOS_SDK/examples/get-started/project_template/build/lwip/liblwip.a(ethernetif.o)
                0x000000003ffef198                default_hostname
                0x000000003ffef19c                hostname
                0x000000003ffef1a0                esp_netif
                0x000000003ffef1a8                . = ALIGN (0x8)
                0x000000003ffef1a8                _bss_end = ABSOLUTE (.)
                0x000000003ffef1a8                _heap_start = ABSOLUTE (.)

.irom0.text     0x0000000040210010    0x3d9a8
                0x0000000040210010                _irom0_text_start = ABSOLUTE (.)
 *(.rodata.* .rodata .irom0.literal .irom.literal .irom.text.literal .irom0.text .irom.text)
 .irom0.text    0x0000000040210010      0x118 /home/liqingqiao/esp/ESP8266_RTOS_SDK/components/esp8266/lib/libcore.a(misc.o)
                                        0x128 (size before relaxing)
                0x0000000040210018                os_delay_us
                0x0000000040210018                ets_delay_us
                0x000000004021004c                os_update_cpu_frequency
                0x000000004021004c                ets_update_cpu_frequency
                0x0000000040210054                os_get_cpu_frequency
                0x0000000040210060                os_install_putc1
                0x0000000040210068                os_putc
                0x0000000040210090                gpio_output_set
                0x00000000402100c4                rtc_get_reset_reason
                0x0000000040210110                bit_popcount
 .irom0.text    0x0000000040210128     0x3c75 /home/liqingqiao/esp/ESP8266_RTOS_SDK/components/esp8266/lib/libcore.a(user_interface.o)
                                       0x4571 (size before relaxing)
                0x00000000402102c8                system_pp_recycle_rx_pkt
                0x00000000402102e4                system_adc_read
                0x0000000040210328                system_adc_read_fast
                0x0000000040210394                system_get_vdd33
                0x00000000402103c8                system_get_flash_size_map
                0x00000000402103e8                system_get_boot_version
                0x00000000402103f4                system_get_test_result
                0x0000000040210418                system_get_boot_mode
                0x0000000040210440                system_upgrade_userbin_set
                0x0000000040210494                system_upgrade_userbin_check
                0x00000000402104e4                system_get_userbin_addr
                0x0000000040210580                system_upgrade_flag_set
                0x0000000040210594                system_upgrade_flag_check
                0x00000000402105a0                spi_flash_erase_protect_disable
                0x00000000402105b8                spi_flash_erase_sector_check
                0x0000000040210660                get_irom0_bin_len
                0x00000000402106b0                get_flash_bin_len
                0x000000004021090c                system_get_current_sumlength
                0x0000000040210984                spi_flash_erase_protect_enable
                0x00000000402109b4                system_deep_sleep_set_option
                0x00000000402109d4                system_phy_temperature_alert
                0x00000000402109e8                system_phy_set_max_tpw
                0x0000000040210a00                system_phy_set_tpw_via_vdd33
                0x0000000040210a18                system_phy_set_rfoption
                0x0000000040210a34                system_update_cpu_freq
                0x0000000040210a88                system_get_cpu_freq
                0x0000000040210aa0                system_overclock
                0x0000000040210acc                system_restoreclock
                0x0000000040210b1c                system_get_time
                0x0000000040210b30                system_relative_time
                0x0000000040210b48                system_station_got_ip_set
                0x0000000040210bf8                system_print_meminfo
                0x0000000040210c54                system_get_free_heap_size
                0x0000000040210c6c                system_get_chip_id
                0x0000000040210cac                system_rtc_clock_cali_proc
                0x0000000040210cc0                system_get_rtc_time
                0x0000000040210cd0                system_get_rst_info
                0x0000000040210cd8                system_get_data_of_array_8
                0x0000000040210cfc                system_get_data_of_array_16
                0x0000000040210d14                system_get_string_from_flash
                0x0000000040210d8c                wifi_get_netif
                0x0000000040210db0                system_get_checksum
                0x0000000040210dec                wifi_param_save_protect_with_check
                0x0000000040210ebc                system_param_save_with_protect
                0x0000000040211254                wifi_set_opmode
                0x0000000040211268                wifi_set_opmode_current
                0x0000000040211284                system_deep_sleep
                0x00000000402112cc                system_restore
                0x0000000040211334                system_save_sys_param
                0x0000000040211360                system_param_load
                0x00000000402113dc                wifi_get_opmode_default
                0x0000000040211520                wifi_get_opmode
                0x00000000402116e8                system_restart
                0x0000000040211768                system_restart_enhance
                0x000000004021189c                system_upgrade_reboot
                0x00000000402119b4                wifi_station_get_config
                0x00000000402119c8                wifi_station_get_config_default
                0x00000000402119dc                wifi_station_get_ap_info
                0x0000000040211ad8                wifi_station_ap_number_set
                0x0000000040211b58                wifi_station_set_config
                0x0000000040211b74                wifi_station_set_config_current
                0x0000000040211b90                wifi_station_get_current_ap_id
                0x0000000040211ba8                wifi_station_ap_check
                0x0000000040211be0                wifi_station_scan
                0x0000000040211c54                wifi_station_get_auto_connect
                0x0000000040211c6c                wifi_station_set_auto_connect
                0x0000000040211cc4                wifi_station_save_pmk2cache
                0x0000000040211dd0                wifi_station_save_bssid
                0x0000000040211e6c                wifi_station_connect
                0x0000000040211f0c                wifi_station_disconnect
                0x0000000040212008                wifi_station_ap_change
                0x000000004021215c                wifi_station_dhcpc_event
                0x00000000402121b0                wifi_station_recon_stop_dhcp
                0x00000000402121e8                wifi_station_get_connect_status
                0x0000000040212218                wifi_station_set_reconnect_policy
                0x0000000040212240                wifi_station_get_reconnect_policy
                0x0000000040212248                wifi_station_get_rssi
                0x0000000040212280                wifi_station_set_default_hostname
                0x00000000402122d8                wifi_station_get_hostname
                0x0000000040212300                wifi_softap_cacl_mac
                0x0000000040212370                wifi_softap_set_station_info
                0x0000000040212400                wifi_softap_get_station_info
                0x00000000402124d0                wifi_softap_free_station_info
                0x0000000040212518                wifi_softap_get_station_num
                0x0000000040212560                wifi_softap_deauth
                0x0000000040212668                wifi_register_user_ie_manufacturer_recv_cb
                0x0000000040212678                wifi_unregister_user_ie_manufacturer_recv_cb
                0x000000004021269c                wifi_set_user_ie
                0x00000000402127e0                wifi_get_user_ie
                0x0000000040212828                wifi_register_vnd_ie_recv_cb
                0x0000000040212838                wifi_unregister_vnd_ie_recv_cb
                0x0000000040212844                wifi_set_vnd_ie
                0x0000000040212958                wifi_get_vnd_ie
                0x0000000040212978                wifi_get_phy_mode
                0x0000000040212988                wifi_set_phy_mode
                0x0000000040212a60                wifi_set_sleep_type
                0x0000000040212a7c                wifi_enable_gpio_wakeup
                0x0000000040212aa4                wifi_disable_gpio_wakeup
                0x0000000040212abc                wifi_get_sleep_type
                0x0000000040212ad0                wifi_get_channel
                0x0000000040212b1c                wifi_set_channel
                0x0000000040212bc4                wifi_adjust_ap_chan
                0x0000000040212c68                wifi_set_country
                0x0000000040212d08                wifi_get_country
                0x0000000040212d5c                wifi_promiscuous_set_mac
                0x0000000040212ddc                wifi_promiscuous_enable
                0x0000000040212ee0                wifi_set_promiscuous_rx_cb
                0x0000000040212eec                wifi_get_macaddr
                0x0000000040212f58                wifi_softap_set_default_ssid
                0x000000004021324c                wifi_softap_set_config
                0x0000000040213260                wifi_softap_set_config_current
                0x00000000402133ec                wifi_softap_get_config
                0x0000000040213400                wifi_softap_get_config_default
                0x000000004021341c                wifi_set_macaddr
                0x0000000040213570                wifi_enable_6m_rate
                0x00000000402135a0                wifi_get_user_fixed_rate
                0x00000000402135fc                wifi_set_user_fixed_rate
                0x0000000040213648                wifi_set_user_sup_rate
                0x00000000402136a4                wifi_get_user_limit_rate_mask
                0x00000000402136d4                wifi_set_user_limit_rate_mask
                0x000000004021370c                wifi_register_send_pkt_freedom_cb
                0x0000000040213740                wifi_unregister_send_pkt_freedom_cb
                0x0000000040213768                wifi_send_pkt_freedom
                0x00000000402137e8                wifi_rfid_locp_recv_open
                0x0000000040213818                wifi_rfid_locp_recv_close
                0x0000000040213840                wifi_register_rfid_locp_recv_cb
                0x0000000040213874                wifi_unregister_rfid_locp_recv_cb